Classic Timing Analyzer report for DDS
Wed Apr 08 17:30:27 2020
Quartus II Version 9.0 Build 184 04/29/2009 Service Pack 1 SJ Web Edition


---------------------
; Table of Contents ;
---------------------
  1. Legal Notice
  2. Timing Analyzer Summary
  3. Timing Analyzer Settings
  4. Clock Settings Summary
  5. Parallel Compilation
  6. Clock Setup: 'fclk'
  7. tsu
  8. tco
  9. th
 10. Timing Analyzer Messages



----------------
; Legal Notice ;
----------------
Copyright (C) 1991-2009 Altera Corporation
Your use of Altera Corporation's design tools, logic functions 
and other software and tools, and its AMPP partner logic 
functions, and any output files from any of the foregoing 
(including device programming or simulation files), and any 
associated documentation or information are expressly subject 
to the terms and conditions of the Altera Program License 
Subscription Agreement, Altera MegaCore Function License 
Agreement, or other applicable license agreement, including, 
without limitation, that your use is for the sole purpose of 
programming logic devices manufactured by Altera and sold by 
Altera or its authorized distributors.  Please refer to the 
applicable agreement for further details.



+-------------------------------------------------------------------------------------------------------------------------------------------------------------------------------------------+
; Timing Analyzer Summary                                                                                                                                                                   ;
+------------------------------+-------+---------------+----------------------------------+----------------------------+-----------------------------+------------+----------+--------------+
; Type                         ; Slack ; Required Time ; Actual Time                      ; From                       ; To                          ; From Clock ; To Clock ; Failed Paths ;
+------------------------------+-------+---------------+----------------------------------+----------------------------+-----------------------------+------------+----------+--------------+
; Worst-case tsu               ; N/A   ; None          ; 5.000 ns                         ; fwords[3]                  ; addrreg:inst|fwords_reg[3]  ; --         ; fclk     ; 0            ;
; Worst-case tco               ; N/A   ; None          ; 35.300 ns                        ; addrreg:inst|pwords_reg[0] ; ddsout[7]                   ; fclk       ; --       ; 0            ;
; Worst-case th                ; N/A   ; None          ; 1.000 ns                         ; pwords[1]                  ; addrreg:inst|pwords_reg[1]  ; --         ; fclk     ; 0            ;
; Clock Setup: 'fclk'          ; N/A   ; None          ; 67.11 MHz ( period = 14.900 ns ) ; addrreg:inst|fadder_out[2] ; addrreg:inst|fadder_out[20] ; fclk       ; fclk     ; 0            ;
; Total number of failed paths ;       ;               ;                                  ;                            ;                             ;            ;          ; 0            ;
+------------------------------+-------+---------------+----------------------------------+----------------------------+-----------------------------+------------+----------+--------------+


+--------------------------------------------------------------------------------------------------------------------+
; Timing Analyzer Settings                                                                                           ;
+---------------------------------------------------------------------+--------------------+------+----+-------------+
; Option                                                              ; Setting            ; From ; To ; Entity Name ;
+---------------------------------------------------------------------+--------------------+------+----+-------------+
; Device Name                                                         ; EPF10K20TC144-3    ;      ;    ;             ;
; Timing Models                                                       ; Final              ;      ;    ;             ;
; Default hold multicycle                                             ; Same as Multicycle ;      ;    ;             ;
; Cut paths between unrelated clock domains                           ; On                 ;      ;    ;             ;
; Cut off read during write signal paths                              ; On                 ;      ;    ;             ;
; Cut off feedback from I/O pins                                      ; On                 ;      ;    ;             ;
; Report Combined Fast/Slow Timing                                    ; Off                ;      ;    ;             ;
; Ignore Clock Settings                                               ; Off                ;      ;    ;             ;
; Analyze latches as synchronous elements                             ; On                 ;      ;    ;             ;
; Enable Recovery/Removal analysis                                    ; Off                ;      ;    ;             ;
; Enable Clock Latency                                                ; Off                ;      ;    ;             ;
; Use TimeQuest Timing Analyzer                                       ; Off                ;      ;    ;             ;
; Number of source nodes to report per destination node               ; 10                 ;      ;    ;             ;
; Number of destination nodes to report                               ; 10                 ;      ;    ;             ;
; Number of paths to report                                           ; 200                ;      ;    ;             ;
; Report Minimum Timing Checks                                        ; Off                ;      ;    ;             ;
; Use Fast Timing Models                                              ; Off                ;      ;    ;             ;
; Report IO Paths Separately                                          ; Off                ;      ;    ;             ;
; Perform Multicorner Analysis                                        ; Off                ;      ;    ;             ;
; Reports the worst-case path for each clock domain and analysis      ; Off                ;      ;    ;             ;
; Removes common clock path pessimism (CCPP) during slack computation ; Off                ;      ;    ;             ;
; Output I/O Timing Endpoint                                          ; Near End           ;      ;    ;             ;
+---------------------------------------------------------------------+--------------------+------+----+-------------+


+------------------------------------------------------------------------------------------------------------------------------------------------------------------------------------+
; Clock Settings Summary                                                                                                                                                             ;
+-----------------+--------------------+----------+------------------+---------------+--------------+----------+-----------------------+---------------------+--------+--------------+
; Clock Node Name ; Clock Setting Name ; Type     ; Fmax Requirement ; Early Latency ; Late Latency ; Based on ; Multiply Base Fmax by ; Divide Base Fmax by ; Offset ; Phase offset ;
+-----------------+--------------------+----------+------------------+---------------+--------------+----------+-----------------------+---------------------+--------+--------------+
; fclk            ;                    ; User Pin ; None             ; 0.000 ns      ; 0.000 ns     ; --       ; N/A                   ; N/A                 ; N/A    ;              ;
+-----------------+--------------------+----------+------------------+---------------+--------------+----------+-----------------------+---------------------+--------+--------------+


Parallel compilation was disabled, but you have multiple processors available. Enable parallel compilation to reduce compilation time.
+-------------------------------------+
; Parallel Compilation                ;
+----------------------------+--------+
; Processors                 ; Number ;
+----------------------------+--------+
; Number detected on machine ; 4      ;
; Maximum allowed            ; 1      ;
+----------------------------+--------+


+-----------------------------------------------------------------------------------------------------------------------------------------------------------------------------------------------------------------------------------------------------------------------+
; Clock Setup: 'fclk'                                                                                                                                                                                                                                                   ;
+-----------------------------------------+-----------------------------------------------------+-----------------------------+-----------------------------+------------+----------+-----------------------------+---------------------------+-------------------------+
; Slack                                   ; Actual fmax (period)                                ; From                        ; To                          ; From Clock ; To Clock ; Required Setup Relationship ; Required Longest P2P Time ; Actual Longest P2P Time ;
+-----------------------------------------+-----------------------------------------------------+-----------------------------+-----------------------------+------------+----------+-----------------------------+---------------------------+-------------------------+
; N/A                                     ; 67.11 MHz ( period = 14.900 ns )                    ; addrreg:inst|fadder_out[2]  ; addrreg:inst|fadder_out[20] ; fclk       ; fclk     ; None                        ; None                      ; 12.700 ns               ;
; N/A                                     ; 67.57 MHz ( period = 14.800 ns )                    ; addrreg:inst|fwords_reg[4]  ; addrreg:inst|fadder_out[20] ; fclk       ; fclk     ; None                        ; None                      ; 12.600 ns               ;
; N/A                                     ; 67.57 MHz ( period = 14.800 ns )                    ; addrreg:inst|fwords_reg[2]  ; addrreg:inst|fadder_out[20] ; fclk       ; fclk     ; None                        ; None                      ; 12.600 ns               ;
; N/A                                     ; 68.49 MHz ( period = 14.600 ns )                    ; addrreg:inst|fwords_reg[3]  ; addrreg:inst|fadder_out[20] ; fclk       ; fclk     ; None                        ; None                      ; 12.400 ns               ;
; N/A                                     ; 68.97 MHz ( period = 14.500 ns )                    ; addrreg:inst|fadder_out[4]  ; addrreg:inst|fadder_out[20] ; fclk       ; fclk     ; None                        ; None                      ; 12.300 ns               ;
; N/A                                     ; 68.97 MHz ( period = 14.500 ns )                    ; addrreg:inst|fadder_out[2]  ; addrreg:inst|fadder_out[23] ; fclk       ; fclk     ; None                        ; None                      ; 12.300 ns               ;
; N/A                                     ; 69.44 MHz ( period = 14.400 ns )                    ; addrreg:inst|fwords_reg[5]  ; addrreg:inst|fadder_out[20] ; fclk       ; fclk     ; None                        ; None                      ; 12.200 ns               ;
; N/A                                     ; 69.44 MHz ( period = 14.400 ns )                    ; addrreg:inst|fadder_out[0]  ; addrreg:inst|fadder_out[20] ; fclk       ; fclk     ; None                        ; None                      ; 12.200 ns               ;
; N/A                                     ; 69.44 MHz ( period = 14.400 ns )                    ; addrreg:inst|fwords_reg[0]  ; addrreg:inst|fadder_out[20] ; fclk       ; fclk     ; None                        ; None                      ; 12.200 ns               ;
; N/A                                     ; 69.44 MHz ( period = 14.400 ns )                    ; addrreg:inst|fadder_out[2]  ; addrreg:inst|fadder_out[22] ; fclk       ; fclk     ; None                        ; None                      ; 12.200 ns               ;
; N/A                                     ; 69.44 MHz ( period = 14.400 ns )                    ; addrreg:inst|fwords_reg[4]  ; addrreg:inst|fadder_out[23] ; fclk       ; fclk     ; None                        ; None                      ; 12.200 ns               ;
; N/A                                     ; 69.44 MHz ( period = 14.400 ns )                    ; addrreg:inst|fwords_reg[2]  ; addrreg:inst|fadder_out[23] ; fclk       ; fclk     ; None                        ; None                      ; 12.200 ns               ;
; N/A                                     ; 69.93 MHz ( period = 14.300 ns )                    ; addrreg:inst|fwords_reg[1]  ; addrreg:inst|fadder_out[20] ; fclk       ; fclk     ; None                        ; None                      ; 12.100 ns               ;
; N/A                                     ; 69.93 MHz ( period = 14.300 ns )                    ; addrreg:inst|fwords_reg[4]  ; addrreg:inst|fadder_out[22] ; fclk       ; fclk     ; None                        ; None                      ; 12.100 ns               ;
; N/A                                     ; 69.93 MHz ( period = 14.300 ns )                    ; addrreg:inst|fwords_reg[2]  ; addrreg:inst|fadder_out[22] ; fclk       ; fclk     ; None                        ; None                      ; 12.100 ns               ;
; N/A                                     ; 70.42 MHz ( period = 14.200 ns )                    ; addrreg:inst|fwords_reg[6]  ; addrreg:inst|fadder_out[20] ; fclk       ; fclk     ; None                        ; None                      ; 12.000 ns               ;
; N/A                                     ; 70.42 MHz ( period = 14.200 ns )                    ; addrreg:inst|fadder_out[1]  ; addrreg:inst|fadder_out[20] ; fclk       ; fclk     ; None                        ; None                      ; 12.000 ns               ;
; N/A                                     ; 70.42 MHz ( period = 14.200 ns )                    ; addrreg:inst|fadder_out[2]  ; addrreg:inst|fadder_out[21] ; fclk       ; fclk     ; None                        ; None                      ; 12.000 ns               ;
; N/A                                     ; 70.42 MHz ( period = 14.200 ns )                    ; addrreg:inst|fwords_reg[3]  ; addrreg:inst|fadder_out[23] ; fclk       ; fclk     ; None                        ; None                      ; 12.000 ns               ;
; N/A                                     ; 70.92 MHz ( period = 14.100 ns )                    ; addrreg:inst|fadder_out[2]  ; addrreg:inst|fadder_out[17] ; fclk       ; fclk     ; None                        ; None                      ; 11.900 ns               ;
; N/A                                     ; 70.92 MHz ( period = 14.100 ns )                    ; addrreg:inst|fwords_reg[4]  ; addrreg:inst|fadder_out[21] ; fclk       ; fclk     ; None                        ; None                      ; 11.900 ns               ;
; N/A                                     ; 70.92 MHz ( period = 14.100 ns )                    ; addrreg:inst|fwords_reg[2]  ; addrreg:inst|fadder_out[21] ; fclk       ; fclk     ; None                        ; None                      ; 11.900 ns               ;
; N/A                                     ; 70.92 MHz ( period = 14.100 ns )                    ; addrreg:inst|fwords_reg[3]  ; addrreg:inst|fadder_out[22] ; fclk       ; fclk     ; None                        ; None                      ; 11.900 ns               ;
; N/A                                     ; 70.92 MHz ( period = 14.100 ns )                    ; addrreg:inst|fadder_out[4]  ; addrreg:inst|fadder_out[23] ; fclk       ; fclk     ; None                        ; None                      ; 11.900 ns               ;
; N/A                                     ; 71.43 MHz ( period = 14.000 ns )                    ; addrreg:inst|fwords_reg[4]  ; addrreg:inst|fadder_out[17] ; fclk       ; fclk     ; None                        ; None                      ; 11.800 ns               ;
; N/A                                     ; 71.43 MHz ( period = 14.000 ns )                    ; addrreg:inst|fwords_reg[2]  ; addrreg:inst|fadder_out[17] ; fclk       ; fclk     ; None                        ; None                      ; 11.800 ns               ;
; N/A                                     ; 71.43 MHz ( period = 14.000 ns )                    ; addrreg:inst|fwords_reg[7]  ; addrreg:inst|fadder_out[20] ; fclk       ; fclk     ; None                        ; None                      ; 11.800 ns               ;
; N/A                                     ; 71.43 MHz ( period = 14.000 ns )                    ; addrreg:inst|fadder_out[7]  ; addrreg:inst|fadder_out[20] ; fclk       ; fclk     ; None                        ; None                      ; 11.800 ns               ;
; N/A                                     ; 71.43 MHz ( period = 14.000 ns )                    ; addrreg:inst|fadder_out[6]  ; addrreg:inst|fadder_out[20] ; fclk       ; fclk     ; None                        ; None                      ; 11.800 ns               ;
; N/A                                     ; 71.43 MHz ( period = 14.000 ns )                    ; addrreg:inst|fadder_out[5]  ; addrreg:inst|fadder_out[20] ; fclk       ; fclk     ; None                        ; None                      ; 11.800 ns               ;
; N/A                                     ; 71.43 MHz ( period = 14.000 ns )                    ; addrreg:inst|fadder_out[4]  ; addrreg:inst|fadder_out[22] ; fclk       ; fclk     ; None                        ; None                      ; 11.800 ns               ;
; N/A                                     ; 71.43 MHz ( period = 14.000 ns )                    ; addrreg:inst|fwords_reg[5]  ; addrreg:inst|fadder_out[23] ; fclk       ; fclk     ; None                        ; None                      ; 11.800 ns               ;
; N/A                                     ; 71.43 MHz ( period = 14.000 ns )                    ; addrreg:inst|fadder_out[0]  ; addrreg:inst|fadder_out[23] ; fclk       ; fclk     ; None                        ; None                      ; 11.800 ns               ;
; N/A                                     ; 71.43 MHz ( period = 14.000 ns )                    ; addrreg:inst|fwords_reg[0]  ; addrreg:inst|fadder_out[23] ; fclk       ; fclk     ; None                        ; None                      ; 11.800 ns               ;
; N/A                                     ; 71.94 MHz ( period = 13.900 ns )                    ; addrreg:inst|fadder_out[2]  ; addrreg:inst|fadder_out[16] ; fclk       ; fclk     ; None                        ; None                      ; 11.700 ns               ;
; N/A                                     ; 71.94 MHz ( period = 13.900 ns )                    ; addrreg:inst|fadder_out[3]  ; addrreg:inst|fadder_out[20] ; fclk       ; fclk     ; None                        ; None                      ; 11.700 ns               ;
; N/A                                     ; 71.94 MHz ( period = 13.900 ns )                    ; addrreg:inst|fwords_reg[3]  ; addrreg:inst|fadder_out[21] ; fclk       ; fclk     ; None                        ; None                      ; 11.700 ns               ;
; N/A                                     ; 71.94 MHz ( period = 13.900 ns )                    ; addrreg:inst|fwords_reg[5]  ; addrreg:inst|fadder_out[22] ; fclk       ; fclk     ; None                        ; None                      ; 11.700 ns               ;
; N/A                                     ; 71.94 MHz ( period = 13.900 ns )                    ; addrreg:inst|fadder_out[0]  ; addrreg:inst|fadder_out[22] ; fclk       ; fclk     ; None                        ; None                      ; 11.700 ns               ;
; N/A                                     ; 71.94 MHz ( period = 13.900 ns )                    ; addrreg:inst|fwords_reg[0]  ; addrreg:inst|fadder_out[22] ; fclk       ; fclk     ; None                        ; None                      ; 11.700 ns               ;
; N/A                                     ; 71.94 MHz ( period = 13.900 ns )                    ; addrreg:inst|fwords_reg[1]  ; addrreg:inst|fadder_out[23] ; fclk       ; fclk     ; None                        ; None                      ; 11.700 ns               ;
; N/A                                     ; 72.46 MHz ( period = 13.800 ns )                    ; addrreg:inst|fwords_reg[4]  ; addrreg:inst|fadder_out[16] ; fclk       ; fclk     ; None                        ; None                      ; 11.600 ns               ;
; N/A                                     ; 72.46 MHz ( period = 13.800 ns )                    ; addrreg:inst|fwords_reg[2]  ; addrreg:inst|fadder_out[16] ; fclk       ; fclk     ; None                        ; None                      ; 11.600 ns               ;
; N/A                                     ; 72.46 MHz ( period = 13.800 ns )                    ; addrreg:inst|fwords_reg[3]  ; addrreg:inst|fadder_out[17] ; fclk       ; fclk     ; None                        ; None                      ; 11.600 ns               ;
; N/A                                     ; 72.46 MHz ( period = 13.800 ns )                    ; addrreg:inst|fadder_out[2]  ; addrreg:inst|fadder_out[19] ; fclk       ; fclk     ; None                        ; None                      ; 11.600 ns               ;
; N/A                                     ; 72.46 MHz ( period = 13.800 ns )                    ; addrreg:inst|fadder_out[4]  ; addrreg:inst|fadder_out[21] ; fclk       ; fclk     ; None                        ; None                      ; 11.600 ns               ;
; N/A                                     ; 72.46 MHz ( period = 13.800 ns )                    ; addrreg:inst|fwords_reg[1]  ; addrreg:inst|fadder_out[22] ; fclk       ; fclk     ; None                        ; None                      ; 11.600 ns               ;
; N/A                                     ; 72.46 MHz ( period = 13.800 ns )                    ; addrreg:inst|fwords_reg[6]  ; addrreg:inst|fadder_out[23] ; fclk       ; fclk     ; None                        ; None                      ; 11.600 ns               ;
; N/A                                     ; 72.46 MHz ( period = 13.800 ns )                    ; addrreg:inst|fadder_out[1]  ; addrreg:inst|fadder_out[23] ; fclk       ; fclk     ; None                        ; None                      ; 11.600 ns               ;
; N/A                                     ; 72.99 MHz ( period = 13.700 ns )                    ; addrreg:inst|fadder_out[4]  ; addrreg:inst|fadder_out[17] ; fclk       ; fclk     ; None                        ; None                      ; 11.500 ns               ;
; N/A                                     ; 72.99 MHz ( period = 13.700 ns )                    ; addrreg:inst|fwords_reg[4]  ; addrreg:inst|fadder_out[19] ; fclk       ; fclk     ; None                        ; None                      ; 11.500 ns               ;
; N/A                                     ; 72.99 MHz ( period = 13.700 ns )                    ; addrreg:inst|fwords_reg[2]  ; addrreg:inst|fadder_out[19] ; fclk       ; fclk     ; None                        ; None                      ; 11.500 ns               ;
; N/A                                     ; 72.99 MHz ( period = 13.700 ns )                    ; addrreg:inst|fwords_reg[5]  ; addrreg:inst|fadder_out[21] ; fclk       ; fclk     ; None                        ; None                      ; 11.500 ns               ;
; N/A                                     ; 72.99 MHz ( period = 13.700 ns )                    ; addrreg:inst|fadder_out[0]  ; addrreg:inst|fadder_out[21] ; fclk       ; fclk     ; None                        ; None                      ; 11.500 ns               ;
; N/A                                     ; 72.99 MHz ( period = 13.700 ns )                    ; addrreg:inst|fwords_reg[0]  ; addrreg:inst|fadder_out[21] ; fclk       ; fclk     ; None                        ; None                      ; 11.500 ns               ;
; N/A                                     ; 72.99 MHz ( period = 13.700 ns )                    ; addrreg:inst|fwords_reg[6]  ; addrreg:inst|fadder_out[22] ; fclk       ; fclk     ; None                        ; None                      ; 11.500 ns               ;
; N/A                                     ; 72.99 MHz ( period = 13.700 ns )                    ; addrreg:inst|fadder_out[1]  ; addrreg:inst|fadder_out[22] ; fclk       ; fclk     ; None                        ; None                      ; 11.500 ns               ;
; N/A                                     ; 73.53 MHz ( period = 13.600 ns )                    ; addrreg:inst|fwords_reg[3]  ; addrreg:inst|fadder_out[16] ; fclk       ; fclk     ; None                        ; None                      ; 11.400 ns               ;
; N/A                                     ; 73.53 MHz ( period = 13.600 ns )                    ; addrreg:inst|fwords_reg[5]  ; addrreg:inst|fadder_out[17] ; fclk       ; fclk     ; None                        ; None                      ; 11.400 ns               ;
; N/A                                     ; 73.53 MHz ( period = 13.600 ns )                    ; addrreg:inst|fadder_out[0]  ; addrreg:inst|fadder_out[17] ; fclk       ; fclk     ; None                        ; None                      ; 11.400 ns               ;
; N/A                                     ; 73.53 MHz ( period = 13.600 ns )                    ; addrreg:inst|fwords_reg[0]  ; addrreg:inst|fadder_out[17] ; fclk       ; fclk     ; None                        ; None                      ; 11.400 ns               ;
; N/A                                     ; 73.53 MHz ( period = 13.600 ns )                    ; addrreg:inst|fadder_out[2]  ; addrreg:inst|fadder_out[18] ; fclk       ; fclk     ; None                        ; None                      ; 11.400 ns               ;
; N/A                                     ; 73.53 MHz ( period = 13.600 ns )                    ; addrreg:inst|fwords_reg[1]  ; addrreg:inst|fadder_out[21] ; fclk       ; fclk     ; None                        ; None                      ; 11.400 ns               ;
; N/A                                     ; 73.53 MHz ( period = 13.600 ns )                    ; addrreg:inst|fwords_reg[7]  ; addrreg:inst|fadder_out[23] ; fclk       ; fclk     ; None                        ; None                      ; 11.400 ns               ;
; N/A                                     ; 73.53 MHz ( period = 13.600 ns )                    ; addrreg:inst|fadder_out[7]  ; addrreg:inst|fadder_out[23] ; fclk       ; fclk     ; None                        ; None                      ; 11.400 ns               ;
; N/A                                     ; 73.53 MHz ( period = 13.600 ns )                    ; addrreg:inst|fadder_out[6]  ; addrreg:inst|fadder_out[23] ; fclk       ; fclk     ; None                        ; None                      ; 11.400 ns               ;
; N/A                                     ; 73.53 MHz ( period = 13.600 ns )                    ; addrreg:inst|fadder_out[5]  ; addrreg:inst|fadder_out[23] ; fclk       ; fclk     ; None                        ; None                      ; 11.400 ns               ;
; N/A                                     ; 74.07 MHz ( period = 13.500 ns )                    ; addrreg:inst|fadder_out[4]  ; addrreg:inst|fadder_out[16] ; fclk       ; fclk     ; None                        ; None                      ; 11.300 ns               ;
; N/A                                     ; 74.07 MHz ( period = 13.500 ns )                    ; addrreg:inst|fwords_reg[1]  ; addrreg:inst|fadder_out[17] ; fclk       ; fclk     ; None                        ; None                      ; 11.300 ns               ;
; N/A                                     ; 74.07 MHz ( period = 13.500 ns )                    ; addrreg:inst|fwords_reg[4]  ; addrreg:inst|fadder_out[18] ; fclk       ; fclk     ; None                        ; None                      ; 11.300 ns               ;
; N/A                                     ; 74.07 MHz ( period = 13.500 ns )                    ; addrreg:inst|fwords_reg[2]  ; addrreg:inst|fadder_out[18] ; fclk       ; fclk     ; None                        ; None                      ; 11.300 ns               ;
; N/A                                     ; 74.07 MHz ( period = 13.500 ns )                    ; addrreg:inst|fwords_reg[3]  ; addrreg:inst|fadder_out[19] ; fclk       ; fclk     ; None                        ; None                      ; 11.300 ns               ;
; N/A                                     ; 74.07 MHz ( period = 13.500 ns )                    ; addrreg:inst|fwords_reg[6]  ; addrreg:inst|fadder_out[21] ; fclk       ; fclk     ; None                        ; None                      ; 11.300 ns               ;
; N/A                                     ; 74.07 MHz ( period = 13.500 ns )                    ; addrreg:inst|fadder_out[1]  ; addrreg:inst|fadder_out[21] ; fclk       ; fclk     ; None                        ; None                      ; 11.300 ns               ;
; N/A                                     ; 74.07 MHz ( period = 13.500 ns )                    ; addrreg:inst|fwords_reg[7]  ; addrreg:inst|fadder_out[22] ; fclk       ; fclk     ; None                        ; None                      ; 11.300 ns               ;
; N/A                                     ; 74.07 MHz ( period = 13.500 ns )                    ; addrreg:inst|fadder_out[7]  ; addrreg:inst|fadder_out[22] ; fclk       ; fclk     ; None                        ; None                      ; 11.300 ns               ;
; N/A                                     ; 74.07 MHz ( period = 13.500 ns )                    ; addrreg:inst|fadder_out[6]  ; addrreg:inst|fadder_out[22] ; fclk       ; fclk     ; None                        ; None                      ; 11.300 ns               ;
; N/A                                     ; 74.07 MHz ( period = 13.500 ns )                    ; addrreg:inst|fadder_out[5]  ; addrreg:inst|fadder_out[22] ; fclk       ; fclk     ; None                        ; None                      ; 11.300 ns               ;
; N/A                                     ; 74.07 MHz ( period = 13.500 ns )                    ; addrreg:inst|fadder_out[3]  ; addrreg:inst|fadder_out[23] ; fclk       ; fclk     ; None                        ; None                      ; 11.300 ns               ;
; N/A                                     ; 74.63 MHz ( period = 13.400 ns )                    ; addrreg:inst|fwords_reg[5]  ; addrreg:inst|fadder_out[16] ; fclk       ; fclk     ; None                        ; None                      ; 11.200 ns               ;
; N/A                                     ; 74.63 MHz ( period = 13.400 ns )                    ; addrreg:inst|fadder_out[0]  ; addrreg:inst|fadder_out[16] ; fclk       ; fclk     ; None                        ; None                      ; 11.200 ns               ;
; N/A                                     ; 74.63 MHz ( period = 13.400 ns )                    ; addrreg:inst|fwords_reg[0]  ; addrreg:inst|fadder_out[16] ; fclk       ; fclk     ; None                        ; None                      ; 11.200 ns               ;
; N/A                                     ; 74.63 MHz ( period = 13.400 ns )                    ; addrreg:inst|fwords_reg[6]  ; addrreg:inst|fadder_out[17] ; fclk       ; fclk     ; None                        ; None                      ; 11.200 ns               ;
; N/A                                     ; 74.63 MHz ( period = 13.400 ns )                    ; addrreg:inst|fadder_out[1]  ; addrreg:inst|fadder_out[17] ; fclk       ; fclk     ; None                        ; None                      ; 11.200 ns               ;
; N/A                                     ; 74.63 MHz ( period = 13.400 ns )                    ; addrreg:inst|fadder_out[4]  ; addrreg:inst|fadder_out[19] ; fclk       ; fclk     ; None                        ; None                      ; 11.200 ns               ;
; N/A                                     ; 74.63 MHz ( period = 13.400 ns )                    ; addrreg:inst|fadder_out[3]  ; addrreg:inst|fadder_out[22] ; fclk       ; fclk     ; None                        ; None                      ; 11.200 ns               ;
; N/A                                     ; 75.19 MHz ( period = 13.300 ns )                    ; addrreg:inst|fwords_reg[1]  ; addrreg:inst|fadder_out[16] ; fclk       ; fclk     ; None                        ; None                      ; 11.100 ns               ;
; N/A                                     ; 75.19 MHz ( period = 13.300 ns )                    ; addrreg:inst|fwords_reg[3]  ; addrreg:inst|fadder_out[18] ; fclk       ; fclk     ; None                        ; None                      ; 11.100 ns               ;
; N/A                                     ; 75.19 MHz ( period = 13.300 ns )                    ; addrreg:inst|fwords_reg[5]  ; addrreg:inst|fadder_out[19] ; fclk       ; fclk     ; None                        ; None                      ; 11.100 ns               ;
; N/A                                     ; 75.19 MHz ( period = 13.300 ns )                    ; addrreg:inst|fadder_out[0]  ; addrreg:inst|fadder_out[19] ; fclk       ; fclk     ; None                        ; None                      ; 11.100 ns               ;
; N/A                                     ; 75.19 MHz ( period = 13.300 ns )                    ; addrreg:inst|fwords_reg[0]  ; addrreg:inst|fadder_out[19] ; fclk       ; fclk     ; None                        ; None                      ; 11.100 ns               ;
; N/A                                     ; 75.19 MHz ( period = 13.300 ns )                    ; addrreg:inst|fwords_reg[9]  ; addrreg:inst|fadder_out[20] ; fclk       ; fclk     ; None                        ; None                      ; 11.100 ns               ;
; N/A                                     ; 75.19 MHz ( period = 13.300 ns )                    ; addrreg:inst|fwords_reg[7]  ; addrreg:inst|fadder_out[21] ; fclk       ; fclk     ; None                        ; None                      ; 11.100 ns               ;
; N/A                                     ; 75.19 MHz ( period = 13.300 ns )                    ; addrreg:inst|fadder_out[7]  ; addrreg:inst|fadder_out[21] ; fclk       ; fclk     ; None                        ; None                      ; 11.100 ns               ;
; N/A                                     ; 75.19 MHz ( period = 13.300 ns )                    ; addrreg:inst|fadder_out[6]  ; addrreg:inst|fadder_out[21] ; fclk       ; fclk     ; None                        ; None                      ; 11.100 ns               ;
; N/A                                     ; 75.19 MHz ( period = 13.300 ns )                    ; addrreg:inst|fadder_out[5]  ; addrreg:inst|fadder_out[21] ; fclk       ; fclk     ; None                        ; None                      ; 11.100 ns               ;
; N/A                                     ; 75.76 MHz ( period = 13.200 ns )                    ; addrreg:inst|fadder_out[2]  ; addrreg:inst|fadder_out[15] ; fclk       ; fclk     ; None                        ; None                      ; 11.000 ns               ;
; N/A                                     ; 75.76 MHz ( period = 13.200 ns )                    ; addrreg:inst|fwords_reg[6]  ; addrreg:inst|fadder_out[16] ; fclk       ; fclk     ; None                        ; None                      ; 11.000 ns               ;
; N/A                                     ; 75.76 MHz ( period = 13.200 ns )                    ; addrreg:inst|fadder_out[1]  ; addrreg:inst|fadder_out[16] ; fclk       ; fclk     ; None                        ; None                      ; 11.000 ns               ;
; N/A                                     ; 75.76 MHz ( period = 13.200 ns )                    ; addrreg:inst|fwords_reg[7]  ; addrreg:inst|fadder_out[17] ; fclk       ; fclk     ; None                        ; None                      ; 11.000 ns               ;
; N/A                                     ; 75.76 MHz ( period = 13.200 ns )                    ; addrreg:inst|fadder_out[7]  ; addrreg:inst|fadder_out[17] ; fclk       ; fclk     ; None                        ; None                      ; 11.000 ns               ;
; N/A                                     ; 75.76 MHz ( period = 13.200 ns )                    ; addrreg:inst|fadder_out[6]  ; addrreg:inst|fadder_out[17] ; fclk       ; fclk     ; None                        ; None                      ; 11.000 ns               ;
; N/A                                     ; 75.76 MHz ( period = 13.200 ns )                    ; addrreg:inst|fadder_out[5]  ; addrreg:inst|fadder_out[17] ; fclk       ; fclk     ; None                        ; None                      ; 11.000 ns               ;
; N/A                                     ; 75.76 MHz ( period = 13.200 ns )                    ; addrreg:inst|fadder_out[4]  ; addrreg:inst|fadder_out[18] ; fclk       ; fclk     ; None                        ; None                      ; 11.000 ns               ;
; N/A                                     ; 75.76 MHz ( period = 13.200 ns )                    ; addrreg:inst|fwords_reg[1]  ; addrreg:inst|fadder_out[19] ; fclk       ; fclk     ; None                        ; None                      ; 11.000 ns               ;
; N/A                                     ; 75.76 MHz ( period = 13.200 ns )                    ; addrreg:inst|fwords_reg[8]  ; addrreg:inst|fadder_out[20] ; fclk       ; fclk     ; None                        ; None                      ; 11.000 ns               ;
; N/A                                     ; 75.76 MHz ( period = 13.200 ns )                    ; addrreg:inst|fadder_out[3]  ; addrreg:inst|fadder_out[21] ; fclk       ; fclk     ; None                        ; None                      ; 11.000 ns               ;
; N/A                                     ; 76.34 MHz ( period = 13.100 ns )                    ; addrreg:inst|fwords_reg[4]  ; addrreg:inst|fadder_out[15] ; fclk       ; fclk     ; None                        ; None                      ; 10.900 ns               ;
; N/A                                     ; 76.34 MHz ( period = 13.100 ns )                    ; addrreg:inst|fwords_reg[2]  ; addrreg:inst|fadder_out[15] ; fclk       ; fclk     ; None                        ; None                      ; 10.900 ns               ;
; N/A                                     ; 76.34 MHz ( period = 13.100 ns )                    ; addrreg:inst|fadder_out[3]  ; addrreg:inst|fadder_out[17] ; fclk       ; fclk     ; None                        ; None                      ; 10.900 ns               ;
; N/A                                     ; 76.34 MHz ( period = 13.100 ns )                    ; addrreg:inst|fwords_reg[5]  ; addrreg:inst|fadder_out[18] ; fclk       ; fclk     ; None                        ; None                      ; 10.900 ns               ;
; N/A                                     ; 76.34 MHz ( period = 13.100 ns )                    ; addrreg:inst|fadder_out[0]  ; addrreg:inst|fadder_out[18] ; fclk       ; fclk     ; None                        ; None                      ; 10.900 ns               ;
; N/A                                     ; 76.34 MHz ( period = 13.100 ns )                    ; addrreg:inst|fwords_reg[0]  ; addrreg:inst|fadder_out[18] ; fclk       ; fclk     ; None                        ; None                      ; 10.900 ns               ;
; N/A                                     ; 76.34 MHz ( period = 13.100 ns )                    ; addrreg:inst|fwords_reg[6]  ; addrreg:inst|fadder_out[19] ; fclk       ; fclk     ; None                        ; None                      ; 10.900 ns               ;
; N/A                                     ; 76.34 MHz ( period = 13.100 ns )                    ; addrreg:inst|fadder_out[1]  ; addrreg:inst|fadder_out[19] ; fclk       ; fclk     ; None                        ; None                      ; 10.900 ns               ;
; N/A                                     ; 76.92 MHz ( period = 13.000 ns )                    ; addrreg:inst|fadder_out[2]  ; addrreg:inst|fadder_out[14] ; fclk       ; fclk     ; None                        ; None                      ; 10.800 ns               ;
; N/A                                     ; 76.92 MHz ( period = 13.000 ns )                    ; addrreg:inst|fwords_reg[7]  ; addrreg:inst|fadder_out[16] ; fclk       ; fclk     ; None                        ; None                      ; 10.800 ns               ;
; N/A                                     ; 76.92 MHz ( period = 13.000 ns )                    ; addrreg:inst|fadder_out[7]  ; addrreg:inst|fadder_out[16] ; fclk       ; fclk     ; None                        ; None                      ; 10.800 ns               ;
; N/A                                     ; 76.92 MHz ( period = 13.000 ns )                    ; addrreg:inst|fadder_out[6]  ; addrreg:inst|fadder_out[16] ; fclk       ; fclk     ; None                        ; None                      ; 10.800 ns               ;
; N/A                                     ; 76.92 MHz ( period = 13.000 ns )                    ; addrreg:inst|fadder_out[5]  ; addrreg:inst|fadder_out[16] ; fclk       ; fclk     ; None                        ; None                      ; 10.800 ns               ;
; N/A                                     ; 76.92 MHz ( period = 13.000 ns )                    ; addrreg:inst|fwords_reg[1]  ; addrreg:inst|fadder_out[18] ; fclk       ; fclk     ; None                        ; None                      ; 10.800 ns               ;
; N/A                                     ; 77.52 MHz ( period = 12.900 ns )                    ; addrreg:inst|fwords_reg[4]  ; addrreg:inst|fadder_out[14] ; fclk       ; fclk     ; None                        ; None                      ; 10.700 ns               ;
; N/A                                     ; 77.52 MHz ( period = 12.900 ns )                    ; addrreg:inst|fwords_reg[2]  ; addrreg:inst|fadder_out[14] ; fclk       ; fclk     ; None                        ; None                      ; 10.700 ns               ;
; N/A                                     ; 77.52 MHz ( period = 12.900 ns )                    ; addrreg:inst|fwords_reg[3]  ; addrreg:inst|fadder_out[15] ; fclk       ; fclk     ; None                        ; None                      ; 10.700 ns               ;
; N/A                                     ; 77.52 MHz ( period = 12.900 ns )                    ; addrreg:inst|fadder_out[3]  ; addrreg:inst|fadder_out[16] ; fclk       ; fclk     ; None                        ; None                      ; 10.700 ns               ;
; N/A                                     ; 77.52 MHz ( period = 12.900 ns )                    ; addrreg:inst|fwords_reg[6]  ; addrreg:inst|fadder_out[18] ; fclk       ; fclk     ; None                        ; None                      ; 10.700 ns               ;
; N/A                                     ; 77.52 MHz ( period = 12.900 ns )                    ; addrreg:inst|fadder_out[1]  ; addrreg:inst|fadder_out[18] ; fclk       ; fclk     ; None                        ; None                      ; 10.700 ns               ;
; N/A                                     ; 77.52 MHz ( period = 12.900 ns )                    ; addrreg:inst|fwords_reg[7]  ; addrreg:inst|fadder_out[19] ; fclk       ; fclk     ; None                        ; None                      ; 10.700 ns               ;
; N/A                                     ; 77.52 MHz ( period = 12.900 ns )                    ; addrreg:inst|fadder_out[7]  ; addrreg:inst|fadder_out[19] ; fclk       ; fclk     ; None                        ; None                      ; 10.700 ns               ;
; N/A                                     ; 77.52 MHz ( period = 12.900 ns )                    ; addrreg:inst|fadder_out[6]  ; addrreg:inst|fadder_out[19] ; fclk       ; fclk     ; None                        ; None                      ; 10.700 ns               ;
; N/A                                     ; 77.52 MHz ( period = 12.900 ns )                    ; addrreg:inst|fadder_out[5]  ; addrreg:inst|fadder_out[19] ; fclk       ; fclk     ; None                        ; None                      ; 10.700 ns               ;
; N/A                                     ; 77.52 MHz ( period = 12.900 ns )                    ; addrreg:inst|fwords_reg[10] ; addrreg:inst|fadder_out[20] ; fclk       ; fclk     ; None                        ; None                      ; 10.700 ns               ;
; N/A                                     ; 77.52 MHz ( period = 12.900 ns )                    ; addrreg:inst|fwords_reg[9]  ; addrreg:inst|fadder_out[23] ; fclk       ; fclk     ; None                        ; None                      ; 10.700 ns               ;
; N/A                                     ; 78.13 MHz ( period = 12.800 ns )                    ; addrreg:inst|fadder_out[4]  ; addrreg:inst|fadder_out[15] ; fclk       ; fclk     ; None                        ; None                      ; 10.600 ns               ;
; N/A                                     ; 78.13 MHz ( period = 12.800 ns )                    ; addrreg:inst|fadder_out[3]  ; addrreg:inst|fadder_out[19] ; fclk       ; fclk     ; None                        ; None                      ; 10.600 ns               ;
; N/A                                     ; 78.13 MHz ( period = 12.800 ns )                    ; addrreg:inst|fwords_reg[9]  ; addrreg:inst|fadder_out[22] ; fclk       ; fclk     ; None                        ; None                      ; 10.600 ns               ;
; N/A                                     ; 78.13 MHz ( period = 12.800 ns )                    ; addrreg:inst|fwords_reg[8]  ; addrreg:inst|fadder_out[23] ; fclk       ; fclk     ; None                        ; None                      ; 10.600 ns               ;
; N/A                                     ; 78.13 MHz ( period = 12.800 ns )                    ; addrreg:inst|fadder_out[2]  ; addrreg:inst|fadder_out[13] ; fclk       ; fclk     ; None                        ; None                      ; 10.600 ns               ;
; N/A                                     ; 78.13 MHz ( period = 12.800 ns )                    ; addrreg:inst|fadder_out[2]  ; addrreg:inst|fadder_out[12] ; fclk       ; fclk     ; None                        ; None                      ; 10.600 ns               ;
; N/A                                     ; 78.74 MHz ( period = 12.700 ns )                    ; addrreg:inst|fwords_reg[3]  ; addrreg:inst|fadder_out[14] ; fclk       ; fclk     ; None                        ; None                      ; 10.500 ns               ;
; N/A                                     ; 78.74 MHz ( period = 12.700 ns )                    ; addrreg:inst|fwords_reg[5]  ; addrreg:inst|fadder_out[15] ; fclk       ; fclk     ; None                        ; None                      ; 10.500 ns               ;
; N/A                                     ; 78.74 MHz ( period = 12.700 ns )                    ; addrreg:inst|fadder_out[0]  ; addrreg:inst|fadder_out[15] ; fclk       ; fclk     ; None                        ; None                      ; 10.500 ns               ;
; N/A                                     ; 78.74 MHz ( period = 12.700 ns )                    ; addrreg:inst|fwords_reg[0]  ; addrreg:inst|fadder_out[15] ; fclk       ; fclk     ; None                        ; None                      ; 10.500 ns               ;
; N/A                                     ; 78.74 MHz ( period = 12.700 ns )                    ; addrreg:inst|fwords_reg[7]  ; addrreg:inst|fadder_out[18] ; fclk       ; fclk     ; None                        ; None                      ; 10.500 ns               ;
; N/A                                     ; 78.74 MHz ( period = 12.700 ns )                    ; addrreg:inst|fadder_out[7]  ; addrreg:inst|fadder_out[18] ; fclk       ; fclk     ; None                        ; None                      ; 10.500 ns               ;
; N/A                                     ; 78.74 MHz ( period = 12.700 ns )                    ; addrreg:inst|fadder_out[6]  ; addrreg:inst|fadder_out[18] ; fclk       ; fclk     ; None                        ; None                      ; 10.500 ns               ;
; N/A                                     ; 78.74 MHz ( period = 12.700 ns )                    ; addrreg:inst|fadder_out[5]  ; addrreg:inst|fadder_out[18] ; fclk       ; fclk     ; None                        ; None                      ; 10.500 ns               ;
; N/A                                     ; 78.74 MHz ( period = 12.700 ns )                    ; addrreg:inst|fadder_out[9]  ; addrreg:inst|fadder_out[20] ; fclk       ; fclk     ; None                        ; None                      ; 10.500 ns               ;
; N/A                                     ; 78.74 MHz ( period = 12.700 ns )                    ; addrreg:inst|fwords_reg[8]  ; addrreg:inst|fadder_out[22] ; fclk       ; fclk     ; None                        ; None                      ; 10.500 ns               ;
; N/A                                     ; 78.74 MHz ( period = 12.700 ns )                    ; addrreg:inst|fwords_reg[4]  ; addrreg:inst|fadder_out[13] ; fclk       ; fclk     ; None                        ; None                      ; 10.500 ns               ;
; N/A                                     ; 78.74 MHz ( period = 12.700 ns )                    ; addrreg:inst|fwords_reg[2]  ; addrreg:inst|fadder_out[13] ; fclk       ; fclk     ; None                        ; None                      ; 10.500 ns               ;
; N/A                                     ; 78.74 MHz ( period = 12.700 ns )                    ; addrreg:inst|fwords_reg[4]  ; addrreg:inst|fadder_out[12] ; fclk       ; fclk     ; None                        ; None                      ; 10.500 ns               ;
; N/A                                     ; 78.74 MHz ( period = 12.700 ns )                    ; addrreg:inst|fwords_reg[2]  ; addrreg:inst|fadder_out[12] ; fclk       ; fclk     ; None                        ; None                      ; 10.500 ns               ;
; N/A                                     ; 79.37 MHz ( period = 12.600 ns )                    ; addrreg:inst|fadder_out[4]  ; addrreg:inst|fadder_out[14] ; fclk       ; fclk     ; None                        ; None                      ; 10.400 ns               ;
; N/A                                     ; 79.37 MHz ( period = 12.600 ns )                    ; addrreg:inst|fwords_reg[1]  ; addrreg:inst|fadder_out[15] ; fclk       ; fclk     ; None                        ; None                      ; 10.400 ns               ;
; N/A                                     ; 79.37 MHz ( period = 12.600 ns )                    ; addrreg:inst|fadder_out[3]  ; addrreg:inst|fadder_out[18] ; fclk       ; fclk     ; None                        ; None                      ; 10.400 ns               ;
; N/A                                     ; 79.37 MHz ( period = 12.600 ns )                    ; addrreg:inst|fadder_out[10] ; addrreg:inst|fadder_out[20] ; fclk       ; fclk     ; None                        ; None                      ; 10.400 ns               ;
; N/A                                     ; 79.37 MHz ( period = 12.600 ns )                    ; addrreg:inst|fwords_reg[9]  ; addrreg:inst|fadder_out[21] ; fclk       ; fclk     ; None                        ; None                      ; 10.400 ns               ;
; N/A                                     ; 80.00 MHz ( period = 12.500 ns )                    ; addrreg:inst|fwords_reg[5]  ; addrreg:inst|fadder_out[14] ; fclk       ; fclk     ; None                        ; None                      ; 10.300 ns               ;
; N/A                                     ; 80.00 MHz ( period = 12.500 ns )                    ; addrreg:inst|fadder_out[0]  ; addrreg:inst|fadder_out[14] ; fclk       ; fclk     ; None                        ; None                      ; 10.300 ns               ;
; N/A                                     ; 80.00 MHz ( period = 12.500 ns )                    ; addrreg:inst|fwords_reg[0]  ; addrreg:inst|fadder_out[14] ; fclk       ; fclk     ; None                        ; None                      ; 10.300 ns               ;
; N/A                                     ; 80.00 MHz ( period = 12.500 ns )                    ; addrreg:inst|fwords_reg[6]  ; addrreg:inst|fadder_out[15] ; fclk       ; fclk     ; None                        ; None                      ; 10.300 ns               ;
; N/A                                     ; 80.00 MHz ( period = 12.500 ns )                    ; addrreg:inst|fadder_out[1]  ; addrreg:inst|fadder_out[15] ; fclk       ; fclk     ; None                        ; None                      ; 10.300 ns               ;
; N/A                                     ; 80.00 MHz ( period = 12.500 ns )                    ; addrreg:inst|fwords_reg[9]  ; addrreg:inst|fadder_out[17] ; fclk       ; fclk     ; None                        ; None                      ; 10.300 ns               ;
; N/A                                     ; 80.00 MHz ( period = 12.500 ns )                    ; addrreg:inst|fwords_reg[11] ; addrreg:inst|fadder_out[20] ; fclk       ; fclk     ; None                        ; None                      ; 10.300 ns               ;
; N/A                                     ; 80.00 MHz ( period = 12.500 ns )                    ; addrreg:inst|fadder_out[11] ; addrreg:inst|fadder_out[20] ; fclk       ; fclk     ; None                        ; None                      ; 10.300 ns               ;
; N/A                                     ; 80.00 MHz ( period = 12.500 ns )                    ; addrreg:inst|fwords_reg[8]  ; addrreg:inst|fadder_out[21] ; fclk       ; fclk     ; None                        ; None                      ; 10.300 ns               ;
; N/A                                     ; 80.00 MHz ( period = 12.500 ns )                    ; addrreg:inst|fwords_reg[10] ; addrreg:inst|fadder_out[23] ; fclk       ; fclk     ; None                        ; None                      ; 10.300 ns               ;
; N/A                                     ; 80.00 MHz ( period = 12.500 ns )                    ; addrreg:inst|fwords_reg[3]  ; addrreg:inst|fadder_out[13] ; fclk       ; fclk     ; None                        ; None                      ; 10.300 ns               ;
; N/A                                     ; 80.00 MHz ( period = 12.500 ns )                    ; addrreg:inst|fwords_reg[3]  ; addrreg:inst|fadder_out[12] ; fclk       ; fclk     ; None                        ; None                      ; 10.300 ns               ;
; N/A                                     ; 80.65 MHz ( period = 12.400 ns )                    ; addrreg:inst|fwords_reg[1]  ; addrreg:inst|fadder_out[14] ; fclk       ; fclk     ; None                        ; None                      ; 10.200 ns               ;
; N/A                                     ; 80.65 MHz ( period = 12.400 ns )                    ; addrreg:inst|fwords_reg[8]  ; addrreg:inst|fadder_out[17] ; fclk       ; fclk     ; None                        ; None                      ; 10.200 ns               ;
; N/A                                     ; 80.65 MHz ( period = 12.400 ns )                    ; addrreg:inst|fwords_reg[12] ; addrreg:inst|fadder_out[20] ; fclk       ; fclk     ; None                        ; None                      ; 10.200 ns               ;
; N/A                                     ; 80.65 MHz ( period = 12.400 ns )                    ; addrreg:inst|fadder_out[12] ; addrreg:inst|fadder_out[20] ; fclk       ; fclk     ; None                        ; None                      ; 10.200 ns               ;
; N/A                                     ; 80.65 MHz ( period = 12.400 ns )                    ; addrreg:inst|fwords_reg[10] ; addrreg:inst|fadder_out[22] ; fclk       ; fclk     ; None                        ; None                      ; 10.200 ns               ;
; N/A                                     ; 80.65 MHz ( period = 12.400 ns )                    ; addrreg:inst|fadder_out[4]  ; addrreg:inst|fadder_out[13] ; fclk       ; fclk     ; None                        ; None                      ; 10.200 ns               ;
; N/A                                     ; 80.65 MHz ( period = 12.400 ns )                    ; addrreg:inst|fadder_out[4]  ; addrreg:inst|fadder_out[12] ; fclk       ; fclk     ; None                        ; None                      ; 10.200 ns               ;
; N/A                                     ; 80.65 MHz ( period = 12.400 ns )                    ; addrreg:inst|fadder_out[2]  ; addrreg:inst|fadder_out[11] ; fclk       ; fclk     ; None                        ; None                      ; 10.200 ns               ;
; N/A                                     ; 81.30 MHz ( period = 12.300 ns )                    ; addrreg:inst|fwords_reg[6]  ; addrreg:inst|fadder_out[14] ; fclk       ; fclk     ; None                        ; None                      ; 10.100 ns               ;
; N/A                                     ; 81.30 MHz ( period = 12.300 ns )                    ; addrreg:inst|fadder_out[1]  ; addrreg:inst|fadder_out[14] ; fclk       ; fclk     ; None                        ; None                      ; 10.100 ns               ;
; N/A                                     ; 81.30 MHz ( period = 12.300 ns )                    ; addrreg:inst|fwords_reg[7]  ; addrreg:inst|fadder_out[15] ; fclk       ; fclk     ; None                        ; None                      ; 10.100 ns               ;
; N/A                                     ; 81.30 MHz ( period = 12.300 ns )                    ; addrreg:inst|fadder_out[7]  ; addrreg:inst|fadder_out[15] ; fclk       ; fclk     ; None                        ; None                      ; 10.100 ns               ;
; N/A                                     ; 81.30 MHz ( period = 12.300 ns )                    ; addrreg:inst|fadder_out[6]  ; addrreg:inst|fadder_out[15] ; fclk       ; fclk     ; None                        ; None                      ; 10.100 ns               ;
; N/A                                     ; 81.30 MHz ( period = 12.300 ns )                    ; addrreg:inst|fadder_out[5]  ; addrreg:inst|fadder_out[15] ; fclk       ; fclk     ; None                        ; None                      ; 10.100 ns               ;
; N/A                                     ; 81.30 MHz ( period = 12.300 ns )                    ; addrreg:inst|fwords_reg[9]  ; addrreg:inst|fadder_out[16] ; fclk       ; fclk     ; None                        ; None                      ; 10.100 ns               ;
; N/A                                     ; 81.30 MHz ( period = 12.300 ns )                    ; addrreg:inst|fwords_reg[13] ; addrreg:inst|fadder_out[20] ; fclk       ; fclk     ; None                        ; None                      ; 10.100 ns               ;
; N/A                                     ; 81.30 MHz ( period = 12.300 ns )                    ; addrreg:inst|fadder_out[8]  ; addrreg:inst|fadder_out[20] ; fclk       ; fclk     ; None                        ; None                      ; 10.100 ns               ;
; N/A                                     ; 81.30 MHz ( period = 12.300 ns )                    ; addrreg:inst|fadder_out[9]  ; addrreg:inst|fadder_out[23] ; fclk       ; fclk     ; None                        ; None                      ; 10.100 ns               ;
; N/A                                     ; 81.30 MHz ( period = 12.300 ns )                    ; addrreg:inst|fwords_reg[5]  ; addrreg:inst|fadder_out[13] ; fclk       ; fclk     ; None                        ; None                      ; 10.100 ns               ;
; N/A                                     ; 81.30 MHz ( period = 12.300 ns )                    ; addrreg:inst|fadder_out[0]  ; addrreg:inst|fadder_out[13] ; fclk       ; fclk     ; None                        ; None                      ; 10.100 ns               ;
; N/A                                     ; 81.30 MHz ( period = 12.300 ns )                    ; addrreg:inst|fwords_reg[0]  ; addrreg:inst|fadder_out[13] ; fclk       ; fclk     ; None                        ; None                      ; 10.100 ns               ;
; N/A                                     ; 81.30 MHz ( period = 12.300 ns )                    ; addrreg:inst|fwords_reg[5]  ; addrreg:inst|fadder_out[12] ; fclk       ; fclk     ; None                        ; None                      ; 10.100 ns               ;
; N/A                                     ; 81.30 MHz ( period = 12.300 ns )                    ; addrreg:inst|fadder_out[0]  ; addrreg:inst|fadder_out[12] ; fclk       ; fclk     ; None                        ; None                      ; 10.100 ns               ;
; N/A                                     ; 81.30 MHz ( period = 12.300 ns )                    ; addrreg:inst|fwords_reg[0]  ; addrreg:inst|fadder_out[12] ; fclk       ; fclk     ; None                        ; None                      ; 10.100 ns               ;
; N/A                                     ; 81.30 MHz ( period = 12.300 ns )                    ; addrreg:inst|fwords_reg[4]  ; addrreg:inst|fadder_out[11] ; fclk       ; fclk     ; None                        ; None                      ; 10.100 ns               ;
; N/A                                     ; 81.30 MHz ( period = 12.300 ns )                    ; addrreg:inst|fwords_reg[2]  ; addrreg:inst|fadder_out[11] ; fclk       ; fclk     ; None                        ; None                      ; 10.100 ns               ;
; N/A                                     ; 81.97 MHz ( period = 12.200 ns )                    ; addrreg:inst|fadder_out[9]  ; addrreg:inst|fadder_out[22] ; fclk       ; fclk     ; None                        ; None                      ; 10.000 ns               ;
; N/A                                     ; 81.97 MHz ( period = 12.200 ns )                    ; addrreg:inst|fadder_out[10] ; addrreg:inst|fadder_out[23] ; fclk       ; fclk     ; None                        ; None                      ; 10.000 ns               ;
; N/A                                     ; 81.97 MHz ( period = 12.200 ns )                    ; addrreg:inst|fwords_reg[1]  ; addrreg:inst|fadder_out[13] ; fclk       ; fclk     ; None                        ; None                      ; 10.000 ns               ;
; N/A                                     ; 81.97 MHz ( period = 12.200 ns )                    ; addrreg:inst|fwords_reg[1]  ; addrreg:inst|fadder_out[12] ; fclk       ; fclk     ; None                        ; None                      ; 10.000 ns               ;
; Timing analysis restricted to 200 rows. ; To change the limit use Settings (Assignments menu) ;                             ;                             ;            ;          ;                             ;                           ;                         ;
+-----------------------------------------+-----------------------------------------------------+-----------------------------+-----------------------------+------------+----------+-----------------------------+---------------------------+-------------------------+


+-----------------------------------------------------------------------------------------+
; tsu                                                                                     ;
+-------+--------------+------------+------------+-----------------------------+----------+
; Slack ; Required tsu ; Actual tsu ; From       ; To                          ; To Clock ;
+-------+--------------+------------+------------+-----------------------------+----------+
; N/A   ; None         ; 5.000 ns   ; fwords[3]  ; addrreg:inst|fwords_reg[3]  ; fclk     ;
; N/A   ; None         ; 4.700 ns   ; fwords[8]  ; addrreg:inst|fwords_reg[8]  ; fclk     ;
; N/A   ; None         ; 4.600 ns   ; pwords[6]  ; addrreg:inst|pwords_reg[6]  ; fclk     ;
; N/A   ; None         ; 4.100 ns   ; fwords[19] ; addrreg:inst|fwords_reg[19] ; fclk     ;
; N/A   ; None         ; 4.100 ns   ; fwords[17] ; addrreg:inst|fwords_reg[17] ; fclk     ;
; N/A   ; None         ; 4.100 ns   ; pwords[8]  ; addrreg:inst|pwords_reg[8]  ; fclk     ;
; N/A   ; None         ; 4.100 ns   ; pwords[4]  ; addrreg:inst|pwords_reg[4]  ; fclk     ;
; N/A   ; None         ; 4.000 ns   ; fwords[4]  ; addrreg:inst|fwords_reg[4]  ; fclk     ;
; N/A   ; None         ; 4.000 ns   ; fwords[5]  ; addrreg:inst|fwords_reg[5]  ; fclk     ;
; N/A   ; None         ; 4.000 ns   ; fwords[7]  ; addrreg:inst|fwords_reg[7]  ; fclk     ;
; N/A   ; None         ; 4.000 ns   ; fwords[9]  ; addrreg:inst|fwords_reg[9]  ; fclk     ;
; N/A   ; None         ; 4.000 ns   ; fwords[11] ; addrreg:inst|fwords_reg[11] ; fclk     ;
; N/A   ; None         ; 4.000 ns   ; fwords[13] ; addrreg:inst|fwords_reg[13] ; fclk     ;
; N/A   ; None         ; 4.000 ns   ; fwords[15] ; addrreg:inst|fwords_reg[15] ; fclk     ;
; N/A   ; None         ; 3.900 ns   ; fwords[0]  ; addrreg:inst|fwords_reg[0]  ; fclk     ;
; N/A   ; None         ; 3.900 ns   ; fwords[2]  ; addrreg:inst|fwords_reg[2]  ; fclk     ;
; N/A   ; None         ; 3.900 ns   ; fwords[6]  ; addrreg:inst|fwords_reg[6]  ; fclk     ;
; N/A   ; None         ; 3.900 ns   ; fwords[10] ; addrreg:inst|fwords_reg[10] ; fclk     ;
; N/A   ; None         ; 3.900 ns   ; fwords[16] ; addrreg:inst|fwords_reg[16] ; fclk     ;
; N/A   ; None         ; 3.900 ns   ; pwords[7]  ; addrreg:inst|pwords_reg[7]  ; fclk     ;
; N/A   ; None         ; 3.800 ns   ; fwords[12] ; addrreg:inst|fwords_reg[12] ; fclk     ;
; N/A   ; None         ; 3.800 ns   ; fwords[18] ; addrreg:inst|fwords_reg[18] ; fclk     ;
; N/A   ; None         ; 3.800 ns   ; fwords[14] ; addrreg:inst|fwords_reg[14] ; fclk     ;
; N/A   ; None         ; 3.800 ns   ; pwords[5]  ; addrreg:inst|pwords_reg[5]  ; fclk     ;
; N/A   ; None         ; 3.700 ns   ; fwords[1]  ; addrreg:inst|fwords_reg[1]  ; fclk     ;
; N/A   ; None         ; 1.800 ns   ; pwords[3]  ; addrreg:inst|pwords_reg[3]  ; fclk     ;
; N/A   ; None         ; 1.800 ns   ; pwords[0]  ; addrreg:inst|pwords_reg[0]  ; fclk     ;
; N/A   ; None         ; 1.700 ns   ; pwords[9]  ; addrreg:inst|pwords_reg[9]  ; fclk     ;
; N/A   ; None         ; 1.700 ns   ; pwords[2]  ; addrreg:inst|pwords_reg[2]  ; fclk     ;
; N/A   ; None         ; 1.700 ns   ; pwords[1]  ; addrreg:inst|pwords_reg[1]  ; fclk     ;
+-------+--------------+------------+------------+-----------------------------+----------+


+------------------------------------------------------------------------------------------+
; tco                                                                                      ;
+-------+--------------+------------+-----------------------------+-----------+------------+
; Slack ; Required tco ; Actual tco ; From                        ; To        ; From Clock ;
+-------+--------------+------------+-----------------------------+-----------+------------+
; N/A   ; None         ; 35.300 ns  ; addrreg:inst|pwords_reg[0]  ; ddsout[7] ; fclk       ;
; N/A   ; None         ; 35.100 ns  ; addrreg:inst|fadder_out[14] ; ddsout[7] ; fclk       ;
; N/A   ; None         ; 35.100 ns  ; addrreg:inst|pwords_reg[0]  ; ddsout[6] ; fclk       ;
; N/A   ; None         ; 35.000 ns  ; addrreg:inst|fadder_out[15] ; ddsout[7] ; fclk       ;
; N/A   ; None         ; 35.000 ns  ; addrreg:inst|pwords_reg[3]  ; ddsout[7] ; fclk       ;
; N/A   ; None         ; 34.900 ns  ; addrreg:inst|fadder_out[14] ; ddsout[6] ; fclk       ;
; N/A   ; None         ; 34.800 ns  ; addrreg:inst|fadder_out[15] ; ddsout[6] ; fclk       ;
; N/A   ; None         ; 34.800 ns  ; addrreg:inst|pwords_reg[3]  ; ddsout[6] ; fclk       ;
; N/A   ; None         ; 34.800 ns  ; addrreg:inst|pwords_reg[0]  ; ddsout[2] ; fclk       ;
; N/A   ; None         ; 34.700 ns  ; addrreg:inst|fadder_out[18] ; ddsout[7] ; fclk       ;
; N/A   ; None         ; 34.600 ns  ; addrreg:inst|fadder_out[20] ; ddsout[7] ; fclk       ;
; N/A   ; None         ; 34.600 ns  ; addrreg:inst|fadder_out[14] ; ddsout[2] ; fclk       ;
; N/A   ; None         ; 34.500 ns  ; addrreg:inst|fadder_out[18] ; ddsout[6] ; fclk       ;
; N/A   ; None         ; 34.500 ns  ; addrreg:inst|fadder_out[15] ; ddsout[2] ; fclk       ;
; N/A   ; None         ; 34.500 ns  ; addrreg:inst|pwords_reg[3]  ; ddsout[2] ; fclk       ;
; N/A   ; None         ; 34.400 ns  ; addrreg:inst|fadder_out[20] ; ddsout[6] ; fclk       ;
; N/A   ; None         ; 34.200 ns  ; addrreg:inst|fadder_out[16] ; ddsout[7] ; fclk       ;
; N/A   ; None         ; 34.200 ns  ; addrreg:inst|fadder_out[18] ; ddsout[2] ; fclk       ;
; N/A   ; None         ; 34.100 ns  ; addrreg:inst|fadder_out[20] ; ddsout[2] ; fclk       ;
; N/A   ; None         ; 34.000 ns  ; addrreg:inst|fadder_out[17] ; ddsout[7] ; fclk       ;
; N/A   ; None         ; 34.000 ns  ; addrreg:inst|fadder_out[19] ; ddsout[7] ; fclk       ;
; N/A   ; None         ; 34.000 ns  ; addrreg:inst|fadder_out[16] ; ddsout[6] ; fclk       ;
; N/A   ; None         ; 33.800 ns  ; addrreg:inst|pwords_reg[5]  ; ddsout[7] ; fclk       ;
; N/A   ; None         ; 33.800 ns  ; addrreg:inst|fadder_out[17] ; ddsout[6] ; fclk       ;
; N/A   ; None         ; 33.800 ns  ; addrreg:inst|fadder_out[19] ; ddsout[6] ; fclk       ;
; N/A   ; None         ; 33.700 ns  ; addrreg:inst|fadder_out[16] ; ddsout[2] ; fclk       ;
; N/A   ; None         ; 33.600 ns  ; addrreg:inst|pwords_reg[7]  ; ddsout[7] ; fclk       ;
; N/A   ; None         ; 33.600 ns  ; addrreg:inst|fadder_out[21] ; ddsout[7] ; fclk       ;
; N/A   ; None         ; 33.600 ns  ; addrreg:inst|pwords_reg[5]  ; ddsout[6] ; fclk       ;
; N/A   ; None         ; 33.500 ns  ; addrreg:inst|fadder_out[17] ; ddsout[2] ; fclk       ;
; N/A   ; None         ; 33.500 ns  ; addrreg:inst|fadder_out[19] ; ddsout[2] ; fclk       ;
; N/A   ; None         ; 33.400 ns  ; addrreg:inst|pwords_reg[7]  ; ddsout[6] ; fclk       ;
; N/A   ; None         ; 33.400 ns  ; addrreg:inst|fadder_out[21] ; ddsout[6] ; fclk       ;
; N/A   ; None         ; 33.300 ns  ; addrreg:inst|fadder_out[22] ; ddsout[7] ; fclk       ;
; N/A   ; None         ; 33.300 ns  ; addrreg:inst|pwords_reg[5]  ; ddsout[2] ; fclk       ;
; N/A   ; None         ; 33.100 ns  ; addrreg:inst|pwords_reg[1]  ; ddsout[7] ; fclk       ;
; N/A   ; None         ; 33.100 ns  ; addrreg:inst|fadder_out[22] ; ddsout[6] ; fclk       ;
; N/A   ; None         ; 33.100 ns  ; addrreg:inst|pwords_reg[7]  ; ddsout[2] ; fclk       ;
; N/A   ; None         ; 33.100 ns  ; addrreg:inst|fadder_out[21] ; ddsout[2] ; fclk       ;
; N/A   ; None         ; 32.900 ns  ; addrreg:inst|pwords_reg[2]  ; ddsout[7] ; fclk       ;
; N/A   ; None         ; 32.900 ns  ; addrreg:inst|pwords_reg[1]  ; ddsout[6] ; fclk       ;
; N/A   ; None         ; 32.800 ns  ; addrreg:inst|fadder_out[22] ; ddsout[2] ; fclk       ;
; N/A   ; None         ; 32.800 ns  ; addrreg:inst|pwords_reg[0]  ; ddsout[0] ; fclk       ;
; N/A   ; None         ; 32.700 ns  ; addrreg:inst|fadder_out[23] ; ddsout[7] ; fclk       ;
; N/A   ; None         ; 32.700 ns  ; addrreg:inst|pwords_reg[2]  ; ddsout[6] ; fclk       ;
; N/A   ; None         ; 32.700 ns  ; addrreg:inst|pwords_reg[0]  ; ddsout[1] ; fclk       ;
; N/A   ; None         ; 32.600 ns  ; addrreg:inst|pwords_reg[0]  ; ddsout[4] ; fclk       ;
; N/A   ; None         ; 32.600 ns  ; addrreg:inst|pwords_reg[0]  ; ddsout[3] ; fclk       ;
; N/A   ; None         ; 32.600 ns  ; addrreg:inst|pwords_reg[1]  ; ddsout[2] ; fclk       ;
; N/A   ; None         ; 32.600 ns  ; addrreg:inst|fadder_out[14] ; ddsout[0] ; fclk       ;
; N/A   ; None         ; 32.500 ns  ; addrreg:inst|pwords_reg[4]  ; ddsout[7] ; fclk       ;
; N/A   ; None         ; 32.500 ns  ; addrreg:inst|fadder_out[23] ; ddsout[6] ; fclk       ;
; N/A   ; None         ; 32.500 ns  ; addrreg:inst|fadder_out[14] ; ddsout[1] ; fclk       ;
; N/A   ; None         ; 32.500 ns  ; addrreg:inst|fadder_out[15] ; ddsout[0] ; fclk       ;
; N/A   ; None         ; 32.500 ns  ; addrreg:inst|pwords_reg[3]  ; ddsout[0] ; fclk       ;
; N/A   ; None         ; 32.400 ns  ; addrreg:inst|fadder_out[14] ; ddsout[4] ; fclk       ;
; N/A   ; None         ; 32.400 ns  ; addrreg:inst|fadder_out[14] ; ddsout[3] ; fclk       ;
; N/A   ; None         ; 32.400 ns  ; addrreg:inst|pwords_reg[2]  ; ddsout[2] ; fclk       ;
; N/A   ; None         ; 32.400 ns  ; addrreg:inst|fadder_out[15] ; ddsout[1] ; fclk       ;
; N/A   ; None         ; 32.400 ns  ; addrreg:inst|pwords_reg[3]  ; ddsout[1] ; fclk       ;
; N/A   ; None         ; 32.300 ns  ; addrreg:inst|pwords_reg[4]  ; ddsout[6] ; fclk       ;
; N/A   ; None         ; 32.300 ns  ; addrreg:inst|fadder_out[15] ; ddsout[4] ; fclk       ;
; N/A   ; None         ; 32.300 ns  ; addrreg:inst|pwords_reg[3]  ; ddsout[4] ; fclk       ;
; N/A   ; None         ; 32.300 ns  ; addrreg:inst|fadder_out[15] ; ddsout[3] ; fclk       ;
; N/A   ; None         ; 32.300 ns  ; addrreg:inst|pwords_reg[3]  ; ddsout[3] ; fclk       ;
; N/A   ; None         ; 32.200 ns  ; addrreg:inst|fadder_out[23] ; ddsout[2] ; fclk       ;
; N/A   ; None         ; 32.200 ns  ; addrreg:inst|fadder_out[18] ; ddsout[0] ; fclk       ;
; N/A   ; None         ; 32.100 ns  ; addrreg:inst|fadder_out[18] ; ddsout[1] ; fclk       ;
; N/A   ; None         ; 32.100 ns  ; addrreg:inst|fadder_out[20] ; ddsout[0] ; fclk       ;
; N/A   ; None         ; 32.000 ns  ; addrreg:inst|fadder_out[18] ; ddsout[4] ; fclk       ;
; N/A   ; None         ; 32.000 ns  ; addrreg:inst|fadder_out[18] ; ddsout[3] ; fclk       ;
; N/A   ; None         ; 32.000 ns  ; addrreg:inst|pwords_reg[4]  ; ddsout[2] ; fclk       ;
; N/A   ; None         ; 32.000 ns  ; addrreg:inst|fadder_out[20] ; ddsout[1] ; fclk       ;
; N/A   ; None         ; 31.900 ns  ; addrreg:inst|fadder_out[20] ; ddsout[4] ; fclk       ;
; N/A   ; None         ; 31.900 ns  ; addrreg:inst|fadder_out[20] ; ddsout[3] ; fclk       ;
; N/A   ; None         ; 31.800 ns  ; addrreg:inst|pwords_reg[0]  ; ddsout[5] ; fclk       ;
; N/A   ; None         ; 31.700 ns  ; addrreg:inst|fadder_out[16] ; ddsout[0] ; fclk       ;
; N/A   ; None         ; 31.600 ns  ; addrreg:inst|pwords_reg[6]  ; ddsout[7] ; fclk       ;
; N/A   ; None         ; 31.600 ns  ; addrreg:inst|fadder_out[14] ; ddsout[5] ; fclk       ;
; N/A   ; None         ; 31.600 ns  ; addrreg:inst|fadder_out[16] ; ddsout[1] ; fclk       ;
; N/A   ; None         ; 31.500 ns  ; addrreg:inst|fadder_out[15] ; ddsout[5] ; fclk       ;
; N/A   ; None         ; 31.500 ns  ; addrreg:inst|pwords_reg[3]  ; ddsout[5] ; fclk       ;
; N/A   ; None         ; 31.500 ns  ; addrreg:inst|fadder_out[16] ; ddsout[4] ; fclk       ;
; N/A   ; None         ; 31.500 ns  ; addrreg:inst|fadder_out[16] ; ddsout[3] ; fclk       ;
; N/A   ; None         ; 31.500 ns  ; addrreg:inst|fadder_out[17] ; ddsout[0] ; fclk       ;
; N/A   ; None         ; 31.500 ns  ; addrreg:inst|fadder_out[19] ; ddsout[0] ; fclk       ;
; N/A   ; None         ; 31.400 ns  ; addrreg:inst|pwords_reg[6]  ; ddsout[6] ; fclk       ;
; N/A   ; None         ; 31.400 ns  ; addrreg:inst|fadder_out[17] ; ddsout[1] ; fclk       ;
; N/A   ; None         ; 31.400 ns  ; addrreg:inst|fadder_out[19] ; ddsout[1] ; fclk       ;
; N/A   ; None         ; 31.300 ns  ; addrreg:inst|fadder_out[17] ; ddsout[4] ; fclk       ;
; N/A   ; None         ; 31.300 ns  ; addrreg:inst|fadder_out[19] ; ddsout[4] ; fclk       ;
; N/A   ; None         ; 31.300 ns  ; addrreg:inst|fadder_out[17] ; ddsout[3] ; fclk       ;
; N/A   ; None         ; 31.300 ns  ; addrreg:inst|fadder_out[19] ; ddsout[3] ; fclk       ;
; N/A   ; None         ; 31.300 ns  ; addrreg:inst|pwords_reg[5]  ; ddsout[0] ; fclk       ;
; N/A   ; None         ; 31.200 ns  ; addrreg:inst|pwords_reg[8]  ; ddsout[7] ; fclk       ;
; N/A   ; None         ; 31.200 ns  ; addrreg:inst|fadder_out[18] ; ddsout[5] ; fclk       ;
; N/A   ; None         ; 31.200 ns  ; addrreg:inst|pwords_reg[5]  ; ddsout[1] ; fclk       ;
; N/A   ; None         ; 31.100 ns  ; addrreg:inst|pwords_reg[9]  ; ddsout[7] ; fclk       ;
; N/A   ; None         ; 31.100 ns  ; addrreg:inst|fadder_out[20] ; ddsout[5] ; fclk       ;
; N/A   ; None         ; 31.100 ns  ; addrreg:inst|pwords_reg[5]  ; ddsout[4] ; fclk       ;
; N/A   ; None         ; 31.100 ns  ; addrreg:inst|pwords_reg[5]  ; ddsout[3] ; fclk       ;
; N/A   ; None         ; 31.100 ns  ; addrreg:inst|pwords_reg[6]  ; ddsout[2] ; fclk       ;
; N/A   ; None         ; 31.100 ns  ; addrreg:inst|pwords_reg[7]  ; ddsout[0] ; fclk       ;
; N/A   ; None         ; 31.100 ns  ; addrreg:inst|fadder_out[21] ; ddsout[0] ; fclk       ;
; N/A   ; None         ; 31.000 ns  ; addrreg:inst|pwords_reg[8]  ; ddsout[6] ; fclk       ;
; N/A   ; None         ; 31.000 ns  ; addrreg:inst|pwords_reg[7]  ; ddsout[1] ; fclk       ;
; N/A   ; None         ; 31.000 ns  ; addrreg:inst|fadder_out[21] ; ddsout[1] ; fclk       ;
; N/A   ; None         ; 30.900 ns  ; addrreg:inst|pwords_reg[9]  ; ddsout[6] ; fclk       ;
; N/A   ; None         ; 30.900 ns  ; addrreg:inst|pwords_reg[7]  ; ddsout[4] ; fclk       ;
; N/A   ; None         ; 30.900 ns  ; addrreg:inst|fadder_out[21] ; ddsout[4] ; fclk       ;
; N/A   ; None         ; 30.900 ns  ; addrreg:inst|pwords_reg[7]  ; ddsout[3] ; fclk       ;
; N/A   ; None         ; 30.900 ns  ; addrreg:inst|fadder_out[21] ; ddsout[3] ; fclk       ;
; N/A   ; None         ; 30.800 ns  ; addrreg:inst|fadder_out[22] ; ddsout[0] ; fclk       ;
; N/A   ; None         ; 30.700 ns  ; addrreg:inst|fadder_out[16] ; ddsout[5] ; fclk       ;
; N/A   ; None         ; 30.700 ns  ; addrreg:inst|pwords_reg[8]  ; ddsout[2] ; fclk       ;
; N/A   ; None         ; 30.700 ns  ; addrreg:inst|fadder_out[22] ; ddsout[1] ; fclk       ;
; N/A   ; None         ; 30.600 ns  ; addrreg:inst|fadder_out[22] ; ddsout[4] ; fclk       ;
; N/A   ; None         ; 30.600 ns  ; addrreg:inst|fadder_out[22] ; ddsout[3] ; fclk       ;
; N/A   ; None         ; 30.600 ns  ; addrreg:inst|pwords_reg[9]  ; ddsout[2] ; fclk       ;
; N/A   ; None         ; 30.600 ns  ; addrreg:inst|pwords_reg[1]  ; ddsout[0] ; fclk       ;
; N/A   ; None         ; 30.500 ns  ; addrreg:inst|fadder_out[17] ; ddsout[5] ; fclk       ;
; N/A   ; None         ; 30.500 ns  ; addrreg:inst|fadder_out[19] ; ddsout[5] ; fclk       ;
; N/A   ; None         ; 30.500 ns  ; addrreg:inst|pwords_reg[1]  ; ddsout[1] ; fclk       ;
; N/A   ; None         ; 30.400 ns  ; addrreg:inst|pwords_reg[1]  ; ddsout[4] ; fclk       ;
; N/A   ; None         ; 30.400 ns  ; addrreg:inst|pwords_reg[1]  ; ddsout[3] ; fclk       ;
; N/A   ; None         ; 30.400 ns  ; addrreg:inst|pwords_reg[2]  ; ddsout[0] ; fclk       ;
; N/A   ; None         ; 30.300 ns  ; addrreg:inst|pwords_reg[5]  ; ddsout[5] ; fclk       ;
; N/A   ; None         ; 30.300 ns  ; addrreg:inst|pwords_reg[2]  ; ddsout[1] ; fclk       ;
; N/A   ; None         ; 30.200 ns  ; addrreg:inst|pwords_reg[2]  ; ddsout[4] ; fclk       ;
; N/A   ; None         ; 30.200 ns  ; addrreg:inst|pwords_reg[2]  ; ddsout[3] ; fclk       ;
; N/A   ; None         ; 30.200 ns  ; addrreg:inst|fadder_out[23] ; ddsout[0] ; fclk       ;
; N/A   ; None         ; 30.100 ns  ; addrreg:inst|pwords_reg[7]  ; ddsout[5] ; fclk       ;
; N/A   ; None         ; 30.100 ns  ; addrreg:inst|fadder_out[21] ; ddsout[5] ; fclk       ;
; N/A   ; None         ; 30.100 ns  ; addrreg:inst|fadder_out[23] ; ddsout[1] ; fclk       ;
; N/A   ; None         ; 30.000 ns  ; addrreg:inst|fadder_out[23] ; ddsout[4] ; fclk       ;
; N/A   ; None         ; 30.000 ns  ; addrreg:inst|fadder_out[23] ; ddsout[3] ; fclk       ;
; N/A   ; None         ; 30.000 ns  ; addrreg:inst|pwords_reg[4]  ; ddsout[0] ; fclk       ;
; N/A   ; None         ; 29.900 ns  ; addrreg:inst|pwords_reg[4]  ; ddsout[1] ; fclk       ;
; N/A   ; None         ; 29.800 ns  ; addrreg:inst|fadder_out[22] ; ddsout[5] ; fclk       ;
; N/A   ; None         ; 29.800 ns  ; addrreg:inst|pwords_reg[4]  ; ddsout[4] ; fclk       ;
; N/A   ; None         ; 29.800 ns  ; addrreg:inst|pwords_reg[4]  ; ddsout[3] ; fclk       ;
; N/A   ; None         ; 29.600 ns  ; addrreg:inst|pwords_reg[1]  ; ddsout[5] ; fclk       ;
; N/A   ; None         ; 29.400 ns  ; addrreg:inst|pwords_reg[2]  ; ddsout[5] ; fclk       ;
; N/A   ; None         ; 29.200 ns  ; addrreg:inst|fadder_out[23] ; ddsout[5] ; fclk       ;
; N/A   ; None         ; 29.100 ns  ; addrreg:inst|pwords_reg[6]  ; ddsout[0] ; fclk       ;
; N/A   ; None         ; 29.000 ns  ; addrreg:inst|pwords_reg[4]  ; ddsout[5] ; fclk       ;
; N/A   ; None         ; 29.000 ns  ; addrreg:inst|pwords_reg[6]  ; ddsout[1] ; fclk       ;
; N/A   ; None         ; 28.900 ns  ; addrreg:inst|pwords_reg[6]  ; ddsout[4] ; fclk       ;
; N/A   ; None         ; 28.900 ns  ; addrreg:inst|pwords_reg[6]  ; ddsout[3] ; fclk       ;
; N/A   ; None         ; 28.700 ns  ; addrreg:inst|pwords_reg[8]  ; ddsout[0] ; fclk       ;
; N/A   ; None         ; 28.600 ns  ; addrreg:inst|pwords_reg[8]  ; ddsout[1] ; fclk       ;
; N/A   ; None         ; 28.600 ns  ; addrreg:inst|pwords_reg[9]  ; ddsout[0] ; fclk       ;
; N/A   ; None         ; 28.500 ns  ; addrreg:inst|pwords_reg[8]  ; ddsout[4] ; fclk       ;
; N/A   ; None         ; 28.500 ns  ; addrreg:inst|pwords_reg[8]  ; ddsout[3] ; fclk       ;
; N/A   ; None         ; 28.500 ns  ; addrreg:inst|pwords_reg[9]  ; ddsout[1] ; fclk       ;
; N/A   ; None         ; 28.400 ns  ; addrreg:inst|pwords_reg[9]  ; ddsout[4] ; fclk       ;
; N/A   ; None         ; 28.400 ns  ; addrreg:inst|pwords_reg[9]  ; ddsout[3] ; fclk       ;
; N/A   ; None         ; 28.100 ns  ; addrreg:inst|pwords_reg[6]  ; ddsout[5] ; fclk       ;
; N/A   ; None         ; 27.700 ns  ; addrreg:inst|pwords_reg[8]  ; ddsout[5] ; fclk       ;
; N/A   ; None         ; 27.600 ns  ; addrreg:inst|pwords_reg[9]  ; ddsout[5] ; fclk       ;
+-------+--------------+------------+-----------------------------+-----------+------------+


+-----------------------------------------------------------------------------------------------+
; th                                                                                            ;
+---------------+-------------+-----------+------------+-----------------------------+----------+
; Minimum Slack ; Required th ; Actual th ; From       ; To                          ; To Clock ;
+---------------+-------------+-----------+------------+-----------------------------+----------+
; N/A           ; None        ; 1.000 ns  ; pwords[9]  ; addrreg:inst|pwords_reg[9]  ; fclk     ;
; N/A           ; None        ; 1.000 ns  ; pwords[2]  ; addrreg:inst|pwords_reg[2]  ; fclk     ;
; N/A           ; None        ; 1.000 ns  ; pwords[1]  ; addrreg:inst|pwords_reg[1]  ; fclk     ;
; N/A           ; None        ; 0.900 ns  ; pwords[3]  ; addrreg:inst|pwords_reg[3]  ; fclk     ;
; N/A           ; None        ; 0.900 ns  ; pwords[0]  ; addrreg:inst|pwords_reg[0]  ; fclk     ;
; N/A           ; None        ; -1.000 ns ; fwords[1]  ; addrreg:inst|fwords_reg[1]  ; fclk     ;
; N/A           ; None        ; -1.100 ns ; fwords[12] ; addrreg:inst|fwords_reg[12] ; fclk     ;
; N/A           ; None        ; -1.100 ns ; fwords[18] ; addrreg:inst|fwords_reg[18] ; fclk     ;
; N/A           ; None        ; -1.100 ns ; fwords[14] ; addrreg:inst|fwords_reg[14] ; fclk     ;
; N/A           ; None        ; -1.100 ns ; pwords[5]  ; addrreg:inst|pwords_reg[5]  ; fclk     ;
; N/A           ; None        ; -1.200 ns ; fwords[0]  ; addrreg:inst|fwords_reg[0]  ; fclk     ;
; N/A           ; None        ; -1.200 ns ; fwords[2]  ; addrreg:inst|fwords_reg[2]  ; fclk     ;
; N/A           ; None        ; -1.200 ns ; fwords[6]  ; addrreg:inst|fwords_reg[6]  ; fclk     ;
; N/A           ; None        ; -1.200 ns ; fwords[10] ; addrreg:inst|fwords_reg[10] ; fclk     ;
; N/A           ; None        ; -1.200 ns ; fwords[16] ; addrreg:inst|fwords_reg[16] ; fclk     ;
; N/A           ; None        ; -1.200 ns ; pwords[7]  ; addrreg:inst|pwords_reg[7]  ; fclk     ;
; N/A           ; None        ; -1.300 ns ; fwords[4]  ; addrreg:inst|fwords_reg[4]  ; fclk     ;
; N/A           ; None        ; -1.300 ns ; fwords[5]  ; addrreg:inst|fwords_reg[5]  ; fclk     ;
; N/A           ; None        ; -1.300 ns ; fwords[7]  ; addrreg:inst|fwords_reg[7]  ; fclk     ;
; N/A           ; None        ; -1.300 ns ; fwords[9]  ; addrreg:inst|fwords_reg[9]  ; fclk     ;
; N/A           ; None        ; -1.300 ns ; fwords[11] ; addrreg:inst|fwords_reg[11] ; fclk     ;
; N/A           ; None        ; -1.300 ns ; fwords[13] ; addrreg:inst|fwords_reg[13] ; fclk     ;
; N/A           ; None        ; -1.300 ns ; fwords[15] ; addrreg:inst|fwords_reg[15] ; fclk     ;
; N/A           ; None        ; -1.400 ns ; fwords[19] ; addrreg:inst|fwords_reg[19] ; fclk     ;
; N/A           ; None        ; -1.400 ns ; fwords[17] ; addrreg:inst|fwords_reg[17] ; fclk     ;
; N/A           ; None        ; -1.400 ns ; pwords[8]  ; addrreg:inst|pwords_reg[8]  ; fclk     ;
; N/A           ; None        ; -1.400 ns ; pwords[4]  ; addrreg:inst|pwords_reg[4]  ; fclk     ;
; N/A           ; None        ; -1.900 ns ; pwords[6]  ; addrreg:inst|pwords_reg[6]  ; fclk     ;
; N/A           ; None        ; -2.000 ns ; fwords[8]  ; addrreg:inst|fwords_reg[8]  ; fclk     ;
; N/A           ; None        ; -2.300 ns ; fwords[3]  ; addrreg:inst|fwords_reg[3]  ; fclk     ;
+---------------+-------------+-----------+------------+-----------------------------+----------+


+--------------------------+
; Timing Analyzer Messages ;
+--------------------------+
Info: *******************************************************************
Info: Running Quartus II Classic Timing Analyzer
    Info: Version 9.0 Build 184 04/29/2009 Service Pack 1 SJ Web Edition
    Info: Processing started: Wed Apr 08 17:30:27 2020
Info: Command: quartus_tan --read_settings_files=off --write_settings_files=off DDS -c DDS
Info: Started post-fitting delay annotation
Info: Delay annotation completed successfully
Warning: Found pins functioning as undefined clocks and/or memory enables
    Info: Assuming node "fclk" is an undefined clock
Info: Clock "fclk" has Internal fmax of 67.11 MHz between source register "addrreg:inst|fadder_out[2]" and destination register "addrreg:inst|fadder_out[20]" (period= 14.9 ns)
    Info: + Longest register to register delay is 12.700 ns
        Info: 1: + IC(0.000 ns) + CELL(0.000 ns) = 0.000 ns; Loc. = LC1_C16; Fanout = 2; REG Node = 'addrreg:inst|fadder_out[2]'
        Info: 2: + IC(2.700 ns) + CELL(0.900 ns) = 3.600 ns; Loc. = LC3_D13; Fanout = 2; COMB Node = 'addrreg:inst|lpm_add_sub:Add0|addcore:adder|a_csnbuffer:result_node|cs_buffer[2]~COUT'
        Info: 3: + IC(0.000 ns) + CELL(0.200 ns) = 3.800 ns; Loc. = LC4_D13; Fanout = 2; COMB Node = 'addrreg:inst|lpm_add_sub:Add0|addcore:adder|a_csnbuffer:result_node|cs_buffer[3]~COUT'
        Info: 4: + IC(0.000 ns) + CELL(0.200 ns) = 4.000 ns; Loc. = LC5_D13; Fanout = 2; COMB Node = 'addrreg:inst|lpm_add_sub:Add0|addcore:adder|a_csnbuffer:result_node|cs_buffer[4]~COUT'
        Info: 5: + IC(0.000 ns) + CELL(0.200 ns) = 4.200 ns; Loc. = LC6_D13; Fanout = 2; COMB Node = 'addrreg:inst|lpm_add_sub:Add0|addcore:adder|a_csnbuffer:result_node|cs_buffer[5]~COUT'
        Info: 6: + IC(0.000 ns) + CELL(0.200 ns) = 4.400 ns; Loc. = LC7_D13; Fanout = 2; COMB Node = 'addrreg:inst|lpm_add_sub:Add0|addcore:adder|a_csnbuffer:result_node|cs_buffer[6]~COUT'
        Info: 7: + IC(0.000 ns) + CELL(0.200 ns) = 4.600 ns; Loc. = LC8_D13; Fanout = 2; COMB Node = 'addrreg:inst|lpm_add_sub:Add0|addcore:adder|a_csnbuffer:result_node|cs_buffer[7]~COUT'
        Info: 8: + IC(0.500 ns) + CELL(0.200 ns) = 5.300 ns; Loc. = LC1_D15; Fanout = 2; COMB Node = 'addrreg:inst|lpm_add_sub:Add0|addcore:adder|a_csnbuffer:result_node|cs_buffer[8]~COUT'
        Info: 9: + IC(0.000 ns) + CELL(0.200 ns) = 5.500 ns; Loc. = LC2_D15; Fanout = 2; COMB Node = 'addrreg:inst|lpm_add_sub:Add0|addcore:adder|a_csnbuffer:result_node|cs_buffer[9]~COUT'
        Info: 10: + IC(0.000 ns) + CELL(0.200 ns) = 5.700 ns; Loc. = LC3_D15; Fanout = 2; COMB Node = 'addrreg:inst|lpm_add_sub:Add0|addcore:adder|a_csnbuffer:result_node|cs_buffer[10]~COUT'
        Info: 11: + IC(0.000 ns) + CELL(0.200 ns) = 5.900 ns; Loc. = LC4_D15; Fanout = 2; COMB Node = 'addrreg:inst|lpm_add_sub:Add0|addcore:adder|a_csnbuffer:result_node|cs_buffer[11]~COUT'
        Info: 12: + IC(0.000 ns) + CELL(0.200 ns) = 6.100 ns; Loc. = LC5_D15; Fanout = 2; COMB Node = 'addrreg:inst|lpm_add_sub:Add0|addcore:adder|a_csnbuffer:result_node|cs_buffer[12]~COUT'
        Info: 13: + IC(0.000 ns) + CELL(0.200 ns) = 6.300 ns; Loc. = LC6_D15; Fanout = 2; COMB Node = 'addrreg:inst|lpm_add_sub:Add0|addcore:adder|a_csnbuffer:result_node|cs_buffer[13]~COUT'
        Info: 14: + IC(0.000 ns) + CELL(0.200 ns) = 6.500 ns; Loc. = LC7_D15; Fanout = 2; COMB Node = 'addrreg:inst|lpm_add_sub:Add0|addcore:adder|a_csnbuffer:result_node|cs_buffer[14]~COUT'
        Info: 15: + IC(0.000 ns) + CELL(0.200 ns) = 6.700 ns; Loc. = LC8_D15; Fanout = 2; COMB Node = 'addrreg:inst|lpm_add_sub:Add0|addcore:adder|a_csnbuffer:result_node|cs_buffer[15]~COUT'
        Info: 16: + IC(0.500 ns) + CELL(0.200 ns) = 7.400 ns; Loc. = LC1_D17; Fanout = 2; COMB Node = 'addrreg:inst|lpm_add_sub:Add0|addcore:adder|a_csnbuffer:result_node|cs_buffer[16]~COUT'
        Info: 17: + IC(0.000 ns) + CELL(0.200 ns) = 7.600 ns; Loc. = LC2_D17; Fanout = 2; COMB Node = 'addrreg:inst|lpm_add_sub:Add0|addcore:adder|a_csnbuffer:result_node|cs_buffer[17]~COUT'
        Info: 18: + IC(0.000 ns) + CELL(0.200 ns) = 7.800 ns; Loc. = LC3_D17; Fanout = 2; COMB Node = 'addrreg:inst|lpm_add_sub:Add0|addcore:adder|a_csnbuffer:result_node|cs_buffer[18]~COUT'
        Info: 19: + IC(0.000 ns) + CELL(0.200 ns) = 8.000 ns; Loc. = LC4_D17; Fanout = 2; COMB Node = 'addrreg:inst|lpm_add_sub:Add0|addcore:adder|a_csnbuffer:result_node|cs_buffer[19]~COUT'
        Info: 20: + IC(0.000 ns) + CELL(1.100 ns) = 9.100 ns; Loc. = LC5_D17; Fanout = 1; COMB Node = 'addrreg:inst|lpm_add_sub:Add0|addcore:adder|a_csnbuffer:result_node|cs_buffer[20]'
        Info: 21: + IC(2.700 ns) + CELL(0.900 ns) = 12.700 ns; Loc. = LC4_C13; Fanout = 4; REG Node = 'addrreg:inst|fadder_out[20]'
        Info: Total cell delay = 6.300 ns ( 49.61 % )
        Info: Total interconnect delay = 6.400 ns ( 50.39 % )
    Info: - Smallest clock skew is 0.000 ns
        Info: + Shortest clock path from clock "fclk" to destination register is 3.900 ns
            Info: 1: + IC(0.000 ns) + CELL(1.900 ns) = 1.900 ns; Loc. = PIN_55; Fanout = 54; CLK Node = 'fclk'
            Info: 2: + IC(2.000 ns) + CELL(0.000 ns) = 3.900 ns; Loc. = LC4_C13; Fanout = 4; REG Node = 'addrreg:inst|fadder_out[20]'
            Info: Total cell delay = 1.900 ns ( 48.72 % )
            Info: Total interconnect delay = 2.000 ns ( 51.28 % )
        Info: - Longest clock path from clock "fclk" to source register is 3.900 ns
            Info: 1: + IC(0.000 ns) + CELL(1.900 ns) = 1.900 ns; Loc. = PIN_55; Fanout = 54; CLK Node = 'fclk'
            Info: 2: + IC(2.000 ns) + CELL(0.000 ns) = 3.900 ns; Loc. = LC1_C16; Fanout = 2; REG Node = 'addrreg:inst|fadder_out[2]'
            Info: Total cell delay = 1.900 ns ( 48.72 % )
            Info: Total interconnect delay = 2.000 ns ( 51.28 % )
    Info: + Micro clock to output delay of source is 0.900 ns
    Info: + Micro setup delay of destination is 1.300 ns
Info: tsu for register "addrreg:inst|fwords_reg[3]" (data pin = "fwords[3]", clock pin = "fclk") is 5.000 ns
    Info: + Longest pin to register delay is 7.600 ns
        Info: 1: + IC(0.000 ns) + CELL(3.100 ns) = 3.100 ns; Loc. = PIN_142; Fanout = 1; PIN Node = 'fwords[3]'
        Info: 2: + IC(3.600 ns) + CELL(0.900 ns) = 7.600 ns; Loc. = LC2_E13; Fanout = 2; REG Node = 'addrreg:inst|fwords_reg[3]'
        Info: Total cell delay = 4.000 ns ( 52.63 % )
        Info: Total interconnect delay = 3.600 ns ( 47.37 % )
    Info: + Micro setup delay of destination is 1.300 ns
    Info: - Shortest clock path from clock "fclk" to destination register is 3.900 ns
        Info: 1: + IC(0.000 ns) + CELL(1.900 ns) = 1.900 ns; Loc. = PIN_55; Fanout = 54; CLK Node = 'fclk'
        Info: 2: + IC(2.000 ns) + CELL(0.000 ns) = 3.900 ns; Loc. = LC2_E13; Fanout = 2; REG Node = 'addrreg:inst|fwords_reg[3]'
        Info: Total cell delay = 1.900 ns ( 48.72 % )
        Info: Total interconnect delay = 2.000 ns ( 51.28 % )
Info: tco from clock "fclk" to destination pin "ddsout[7]" through register "addrreg:inst|pwords_reg[0]" is 35.300 ns
    Info: + Longest clock path from clock "fclk" to source register is 3.900 ns
        Info: 1: + IC(0.000 ns) + CELL(1.900 ns) = 1.900 ns; Loc. = PIN_55; Fanout = 54; CLK Node = 'fclk'
        Info: 2: + IC(2.000 ns) + CELL(0.000 ns) = 3.900 ns; Loc. = LC6_D16; Fanout = 2; REG Node = 'addrreg:inst|pwords_reg[0]'
        Info: Total cell delay = 1.900 ns ( 48.72 % )
        Info: Total interconnect delay = 2.000 ns ( 51.28 % )
    Info: + Micro clock to output delay of source is 0.900 ns
    Info: + Longest register to pin delay is 30.500 ns
        Info: 1: + IC(0.000 ns) + CELL(0.000 ns) = 0.000 ns; Loc. = LC6_D16; Fanout = 2; REG Node = 'addrreg:inst|pwords_reg[0]'
        Info: 2: + IC(2.600 ns) + CELL(0.900 ns) = 3.500 ns; Loc. = LC4_D1; Fanout = 2; COMB Node = 'addrreg:inst|lpm_add_sub:Add1|addcore:adder|a_csnbuffer:result_node|cs_buffer[0]~COUT'
        Info: 3: + IC(0.000 ns) + CELL(0.200 ns) = 3.700 ns; Loc. = LC5_D1; Fanout = 2; COMB Node = 'addrreg:inst|lpm_add_sub:Add1|addcore:adder|a_csnbuffer:result_node|cs_buffer[1]~COUT'
        Info: 4: + IC(0.000 ns) + CELL(0.200 ns) = 3.900 ns; Loc. = LC6_D1; Fanout = 2; COMB Node = 'addrreg:inst|lpm_add_sub:Add1|addcore:adder|a_csnbuffer:result_node|cs_buffer[2]~COUT'
        Info: 5: + IC(0.000 ns) + CELL(0.200 ns) = 4.100 ns; Loc. = LC7_D1; Fanout = 2; COMB Node = 'addrreg:inst|lpm_add_sub:Add1|addcore:adder|a_csnbuffer:result_node|cs_buffer[3]~COUT'
        Info: 6: + IC(0.000 ns) + CELL(0.200 ns) = 4.300 ns; Loc. = LC8_D1; Fanout = 2; COMB Node = 'addrreg:inst|lpm_add_sub:Add1|addcore:adder|a_csnbuffer:result_node|cs_buffer[4]~COUT'
        Info: 7: + IC(0.500 ns) + CELL(0.200 ns) = 5.000 ns; Loc. = LC1_D3; Fanout = 2; COMB Node = 'addrreg:inst|lpm_add_sub:Add1|addcore:adder|a_csnbuffer:result_node|cs_buffer[5]~COUT'
        Info: 8: + IC(0.000 ns) + CELL(0.200 ns) = 5.200 ns; Loc. = LC2_D3; Fanout = 2; COMB Node = 'addrreg:inst|lpm_add_sub:Add1|addcore:adder|a_csnbuffer:result_node|cs_buffer[6]~COUT'
        Info: 9: + IC(0.000 ns) + CELL(0.200 ns) = 5.400 ns; Loc. = LC3_D3; Fanout = 2; COMB Node = 'addrreg:inst|lpm_add_sub:Add1|addcore:adder|a_csnbuffer:result_node|cs_buffer[7]~COUT'
        Info: 10: + IC(0.000 ns) + CELL(0.200 ns) = 5.600 ns; Loc. = LC4_D3; Fanout = 1; COMB Node = 'addrreg:inst|lpm_add_sub:Add1|addcore:adder|a_csnbuffer:result_node|cs_buffer[8]~COUT'
        Info: 11: + IC(0.000 ns) + CELL(1.100 ns) = 6.700 ns; Loc. = LC5_D3; Fanout = 8; COMB Node = 'addrreg:inst|lpm_add_sub:Add1|addcore:adder|unreg_res_node[9]'
        Info: 12: + IC(3.000 ns) + CELL(10.200 ns) = 19.900 ns; Loc. = EC1_A; Fanout = 1; MEM Node = 'wave_rom:inst1|lpm_rom:lpm_rom_component|altrom:srom|q[7]~mem_cell_ra0'
        Info: 13: + IC(0.000 ns) + CELL(2.000 ns) = 21.900 ns; Loc. = EC1_A; Fanout = 1; MEM Node = 'wave_rom:inst1|lpm_rom:lpm_rom_component|altrom:srom|q[7]'
        Info: 14: + IC(4.700 ns) + CELL(3.900 ns) = 30.500 ns; Loc. = PIN_12; Fanout = 0; PIN Node = 'ddsout[7]'
        Info: Total cell delay = 19.700 ns ( 64.59 % )
        Info: Total interconnect delay = 10.800 ns ( 35.41 % )
Info: th for register "addrreg:inst|pwords_reg[9]" (data pin = "pwords[9]", clock pin = "fclk") is 1.000 ns
    Info: + Longest clock path from clock "fclk" to destination register is 3.900 ns
        Info: 1: + IC(0.000 ns) + CELL(1.900 ns) = 1.900 ns; Loc. = PIN_55; Fanout = 54; CLK Node = 'fclk'
        Info: 2: + IC(2.000 ns) + CELL(0.000 ns) = 3.900 ns; Loc. = LC6_D3; Fanout = 1; REG Node = 'addrreg:inst|pwords_reg[9]'
        Info: Total cell delay = 1.900 ns ( 48.72 % )
        Info: Total interconnect delay = 2.000 ns ( 51.28 % )
    Info: + Micro hold delay of destination is 1.400 ns
    Info: - Shortest pin to register delay is 4.300 ns
        Info: 1: + IC(0.000 ns) + CELL(1.900 ns) = 1.900 ns; Loc. = PIN_126; Fanout = 1; PIN Node = 'pwords[9]'
        Info: 2: + IC(1.500 ns) + CELL(0.900 ns) = 4.300 ns; Loc. = LC6_D3; Fanout = 1; REG Node = 'addrreg:inst|pwords_reg[9]'
        Info: Total cell delay = 2.800 ns ( 65.12 % )
        Info: Total interconnect delay = 1.500 ns ( 34.88 % )
Info: Quartus II Classic Timing Analyzer was successful. 0 errors, 1 warning
    Info: Peak virtual memory: 193 megabytes
    Info: Processing ended: Wed Apr 08 17:30:27 2020
    Info: Elapsed time: 00:00:00
    Info: Total CPU time (on all processors): 00:00:01


